<html>
<body>
<pre>
<h1>µVision Build Log</h1>
<h2>Tool Versions:</h2>
IDE-Version: £gVision V5.34.0.0
Copyright (C) 2021 ARM Ltd and ARM Germany GmbH. All rights reserved.
License Information: CHINGHSIANG TSUI, NYCU, LIC=----
 
Tool Versions:
Toolchain:       MDK-Lite  Version: 5.34.0.0
Toolchain Path:  C:\Keil_v5\ARM\ARMCC\Bin
C Compiler:      Armcc.exe V5.06 update 7 (build 960)
Assembler:       Armasm.exe V5.06 update 7 (build 960)
Linker/Locator:  ArmLink.exe V5.06 update 7 (build 960)
Library Manager: ArmAr.exe V5.06 update 7 (build 960)
Hex Converter:   FromElf.exe V5.06 update 7 (build 960)
CPU DLL:         SARMCM3.DLL V5.34.0.0
Dialog DLL:      DCM.DLL V1.17.3.0
Target DLL:      STLink\ST-LINKIII-KEIL_SWO.dll V3.0.8.0
Dialog DLL:      TCM.DLL V1.48.0.0
 
<h2>Project:</h2>
D:\GitHub\STM32\H7\ExampleCode\HW3\MDK-ARM\USART.uvprojx
Project File Date:  05/24/2023

<h2>Output:</h2>
*** Using Compiler 'V5.06 update 7 (build 960)', folder: 'C:\Keil_v5\ARM\ARMCC\Bin'
Rebuild target 'USART'
assembling startup_stm32h743xx.s...
compiling gpio.c...
../Inc/gpio.h(183): warning:  #9-D: nested comment is not allowed
  /* USER CODE BEGIN Prototypes */
../Src/gpio.c: 1 warning, 0 errors
compiling stm32h7xx_hal_tim.c...
compiling stm32h7xx_hal_msp.c...
compiling bsp_exti.c...
compiling bsp_led.c...
compiling stm32h7xx_hal_uart_ex.c...
compiling stm32h7xx_it.c...
../Inc/gpio.h(183): warning:  #9-D: nested comment is not allowed
  /* USER CODE BEGIN Prototypes */
../Src/stm32h7xx_it.c: 1 warning, 0 errors
compiling stm32h7xx_hal_tim_ex.c...
compiling main.c...
../Inc/gpio.h(183): warning:  #9-D: nested comment is not allowed
  /* USER CODE BEGIN Prototypes */
../Src/main.c(160): warning:  #223-D: function "MX_GPIO_Init" declared implicitly
    MX_GPIO_Init();
../Src/main.c(135): warning:  #177-D: variable "string"  was declared but never referenced
  char string[50];
../Src/main.c(137): warning:  #177-D: variable "i"  was declared but never referenced
  	uint8_t i;
../Src/main.c: 4 warnings, 0 errors
compiling bsp_i2c_ee.c...
compiling rtc.c...
compiling usart.c...
compiling stm32h7xx_hal_cortex.c...
compiling stm32h7xx_hal_uart.c...
compiling stm32h7xx_hal_rcc_ex.c...
compiling stm32h7xx_hal_rcc.c...
compiling stm32h7xx_hal_hsem.c...
compiling stm32h7xx_hal_gpio.c...
compiling stm32h7xx_hal_i2c_ex.c...
compiling stm32h7xx_hal_pwr.c...
compiling stm32h7xx_hal_dma_ex.c...
compiling stm32h7xx_hal_mdma.c...
compiling stm32h7xx_hal_flash.c...
compiling stm32h7xx_hal_flash_ex.c...
compiling stm32h7xx_hal.c...
compiling stm32h7xx_hal_rtc_ex.c...
compiling stm32h7xx_hal_rtc.c...
compiling stm32h7xx_hal_pwr_ex.c...
compiling stm32h7xx_hal_i2c.c...
compiling system_stm32h7xx.c...
compiling stm32h7xx_hal_dma.c...
linking...
Program Size: Code=18284 RO-data=736 RW-data=40 ZI-data=1344  
FromELF: creating hex file...
"USART\USART.axf" - 0 Error(s), 6 Warning(s).

<h2>Software Packages used:</h2>

Package Vendor: ARM
                http://www.keil.com/pack/ARM.CMSIS.5.7.0.pack
                ARM.CMSIS.5.7.0
                CMSIS (Cortex Microcontroller Software Interface Standard)
   * Component: CORE Version: 5.4.0

Package Vendor: Keil
                https://www.keil.com/pack/Keil.STM32H7xx_DFP.3.1.0.pack
                Keil.STM32H7xx_DFP.3.1.0
                STMicroelectronics STM32H7 Series Device Support and Examples

<h2>Collection of Component include folders:</h2>
  .\RTE\_USART
  C:\Users\user\AppData\Local\Arm\Packs\ARM\CMSIS\5.7.0\CMSIS\Core\Include
  C:\Users\user\AppData\Local\Arm\Packs\Keil\STM32H7xx_DFP\3.1.0\Drivers\CMSIS\Device\ST\STM32H7xx\Include

<h2>Collection of Component Files used:</h2>

   * Component: ARM::CMSIS:CORE:5.4.0
Build Time Elapsed:  00:00:52
</pre>
</body>
</html>
