Component: ARM Compiler 5.06 update 7 (build 960) Tool: armlink [4d3601]

==============================================================================

Section Cross References

    startup_stm32h743xx.o(RESET) refers to startup_stm32h743xx.o(STACK) for __initial_sp
    startup_stm32h743xx.o(RESET) refers to startup_stm32h743xx.o(.text) for Reset_Handler
    startup_stm32h743xx.o(RESET) refers to stm32h7xx_it.o(i.NMI_Handler) for NMI_Handler
    startup_stm32h743xx.o(RESET) refers to stm32h7xx_it.o(i.HardFault_Handler) for HardFault_Handler
    startup_stm32h743xx.o(RESET) refers to stm32h7xx_it.o(i.MemManage_Handler) for MemManage_Handler
    startup_stm32h743xx.o(RESET) refers to stm32h7xx_it.o(i.BusFault_Handler) for BusFault_Handler
    startup_stm32h743xx.o(RESET) refers to stm32h7xx_it.o(i.UsageFault_Handler) for UsageFault_Handler
    startup_stm32h743xx.o(RESET) refers to stm32h7xx_it.o(i.SVC_Handler) for SVC_Handler
    startup_stm32h743xx.o(RESET) refers to stm32h7xx_it.o(i.DebugMon_Handler) for DebugMon_Handler
    startup_stm32h743xx.o(RESET) refers to stm32h7xx_it.o(i.PendSV_Handler) for PendSV_Handler
    startup_stm32h743xx.o(RESET) refers to stm32h7xx_it.o(i.SysTick_Handler) for SysTick_Handler
    startup_stm32h743xx.o(RESET) refers to stm32h7xx_it.o(i.EXTI0_IRQHandler) for EXTI0_IRQHandler
    startup_stm32h743xx.o(RESET) refers to stm32h7xx_it.o(i.EXTI2_IRQHandler) for EXTI2_IRQHandler
    startup_stm32h743xx.o(RESET) refers to stm32h7xx_it.o(i.EXTI3_IRQHandler) for EXTI3_IRQHandler
    startup_stm32h743xx.o(RESET) refers to stm32h7xx_it.o(i.EXTI4_IRQHandler) for EXTI4_IRQHandler
    startup_stm32h743xx.o(RESET) refers to stm32h7xx_it.o(i.RTC_Alarm_IRQHandler) for RTC_Alarm_IRQHandler
    startup_stm32h743xx.o(RESET) refers to stm32h7xx_it.o(i.TIM6_DAC_IRQHandler) for TIM6_DAC_IRQHandler
    startup_stm32h743xx.o(.text) refers to system_stm32h7xx.o(i.SystemInit) for SystemInit
    startup_stm32h743xx.o(.text) refers to entry.o(.ARM.Collect$$$$00000000) for __main
    main.o(i.HAL_RTCEx_AlarmBEventCallback) refers to stm32h7xx_hal_gpio.o(i.HAL_GPIO_WritePin) for HAL_GPIO_WritePin
    main.o(i.HAL_RTC_AlarmAEventCallback) refers to stm32h7xx_hal_gpio.o(i.HAL_GPIO_WritePin) for HAL_GPIO_WritePin
    main.o(i.Key1Callback) refers to main.o(i.ModifyBrightness) for ModifyBrightness
    main.o(i.Key1Callback) refers to main.o(.data) for .data
    main.o(i.Key2Callback) refers to main.o(i.ModifyBrightness) for ModifyBrightness
    main.o(i.Key2Callback) refers to main.o(.data) for .data
    main.o(i.Key3Callback) refers to main.o(i.NVIC_SystemReset) for NVIC_SystemReset
    main.o(i.Key3Callback) refers to strlen.o(.text) for strlen
    main.o(i.Key3Callback) refers to memmovea.o(.text) for __aeabi_memmove
    main.o(i.Key3Callback) refers to main.o(i.LCD_Show) for LCD_Show
    main.o(i.Key3Callback) refers to main.o(.data) for .data
    main.o(i.Key4Callback) refers to strlen.o(.text) for strlen
    main.o(i.Key4Callback) refers to main.o(i.LCD_Show) for LCD_Show
    main.o(i.Key4Callback) refers to main.o(i.NVIC_SystemReset) for NVIC_SystemReset
    main.o(i.Key4Callback) refers to main.o(.data) for .data
    main.o(i.LCD_Show) refers to lcd.o(i.LCD_Clear) for LCD_Clear
    main.o(i.LCD_Show) refers to lcd.o(i.GUI_Text) for GUI_Text
    main.o(i.LCD_Show) refers to main.o(.data) for .data
    main.o(i.MPU_Config) refers to stm32h7xx_hal_cortex.o(i.HAL_MPU_ConfigRegion) for HAL_MPU_ConfigRegion
    main.o(i.MX_GPIO_Init) refers to stm32h7xx_hal_gpio.o(i.HAL_GPIO_Init) for HAL_GPIO_Init
    main.o(i.MX_GPIO_Init) refers to stm32h7xx_hal_gpio.o(i.HAL_GPIO_WritePin) for HAL_GPIO_WritePin
    main.o(i.MX_Set_Alarm) refers to stm32h7xx_hal_rtc.o(i.HAL_RTC_SetAlarm_IT) for HAL_RTC_SetAlarm_IT
    main.o(i.MX_Set_Alarm) refers to stm32h7xx_hal_cortex.o(i.HAL_NVIC_SetPriority) for HAL_NVIC_SetPriority
    main.o(i.MX_Set_Alarm) refers to stm32h7xx_hal_cortex.o(i.HAL_NVIC_EnableIRQ) for HAL_NVIC_EnableIRQ
    main.o(i.MX_Set_Alarm) refers to main.o(.bss) for .bss
    main.o(i.MX_Set_Alarm) refers to rtc.o(.bss) for hrtc
    main.o(i.ModifyBrightness) refers to main.o(.data) for .data
    main.o(i.SystemClock_Config) refers to memseta.o(.text) for __aeabi_memclr4
    main.o(i.SystemClock_Config) refers to stm32h7xx_hal_rcc.o(i.HAL_RCC_OscConfig) for HAL_RCC_OscConfig
    main.o(i.SystemClock_Config) refers to stm32h7xx_hal_rcc.o(i.HAL_RCC_ClockConfig) for HAL_RCC_ClockConfig
    main.o(i.SystemClock_Config) refers to stm32h7xx_hal_rcc_ex.o(i.HAL_RCCEx_PeriphCLKConfig) for HAL_RCCEx_PeriphCLKConfig
    main.o(i.SystemClock_Config) refers to stm32h7xx_hal_cortex.o(i.HAL_SYSTICK_Config) for HAL_SYSTICK_Config
    main.o(i.SystemClock_Config) refers to stm32h7xx_hal_cortex.o(i.HAL_SYSTICK_CLKSourceConfig) for HAL_SYSTICK_CLKSourceConfig
    main.o(i.SystemClock_Config) refers to stm32h7xx_hal_cortex.o(i.HAL_NVIC_SetPriority) for HAL_NVIC_SetPriority
[...]
    .text                                    0x080003a8   Section        0  uidiv.o(.text)
    .text                                    0x080003d4   Section        0  llshl.o(.text)
    .text                                    0x080003f2   Section        0  llushr.o(.text)
    .text                                    0x08000412   Section        0  iusefp.o(.text)
    .text                                    0x08000412   Section        0  dadd.o(.text)
    .text                                    0x08000560   Section        0  dmul.o(.text)
    .text                                    0x08000644   Section        0  ddiv.o(.text)
    .text                                    0x08000722   Section        0  dfixul.o(.text)
    .text                                    0x08000754   Section       48  cdrcmple.o(.text)
    .text                                    0x08000784   Section       36  init.o(.text)
    .text                                    0x080007a8   Section        0  llsshr.o(.text)
    .text                                    0x080007cc   Section        0  depilogue.o(.text)
    .text                                    0x08000886   Section        0  __dclz77c.o(.text)
    i.BusFault_Handler                       0x080008e4   Section        0  stm32h7xx_it.o(i.BusFault_Handler)
    i.DebugMon_Handler                       0x080008e6   Section        0  stm32h7xx_it.o(i.DebugMon_Handler)
    i.EXTI0_IRQHandler                       0x080008e8   Section        0  stm32h7xx_it.o(i.EXTI0_IRQHandler)
    i.EXTI2_IRQHandler                       0x08000902   Section        0  stm32h7xx_it.o(i.EXTI2_IRQHandler)
    i.EXTI3_IRQHandler                       0x0800091c   Section        0  stm32h7xx_it.o(i.EXTI3_IRQHandler)
    i.EXTI4_IRQHandler                       0x08000936   Section        0  stm32h7xx_it.o(i.EXTI4_IRQHandler)
    i.EXTI_Key_Config                        0x08000950   Section        0  key.o(i.EXTI_Key_Config)
    i.FMC_NORSRAM_Extended_Timing_Init       0x08000a24   Section        0  stm32h7xx_ll_fmc.o(i.FMC_NORSRAM_Extended_Timing_Init)
    i.FMC_NORSRAM_Init                       0x08000a64   Section        0  stm32h7xx_ll_fmc.o(i.FMC_NORSRAM_Init)
    i.FMC_NORSRAM_Timing_Init                0x08000adc   Section        0  stm32h7xx_ll_fmc.o(i.FMC_NORSRAM_Timing_Init)
    i.GUI_Text                               0x08000b38   Section        0  lcd.o(i.GUI_Text)
    i.GetASCIICode                           0x08000b80   Section        0  asciilib.o(i.GetASCIICode)
    i.HAL_Delay                              0x08000b94   Section        0  stm32h7xx_hal.o(i.HAL_Delay)
    i.HAL_GPIO_Init                          0x08000bb8   Section        0  stm32h7xx_hal_gpio.o(i.HAL_GPIO_Init)
    i.HAL_GPIO_WritePin                      0x08000da0   Section        0  stm32h7xx_hal_gpio.o(i.HAL_GPIO_WritePin)
    i.HAL_GetTick                            0x08000dac   Section        0  stm32h7xx_hal.o(i.HAL_GetTick)
    i.HAL_I2CEx_ConfigAnalogFilter           0x08000db8   Section        0  stm32h7xx_hal_i2c_ex.o(i.HAL_I2CEx_ConfigAnalogFilter)
    i.HAL_I2C_GetState                       0x08000e0e   Section        0  stm32h7xx_hal_i2c.o(i.HAL_I2C_GetState)
    i.HAL_I2C_Init                           0x08000e14   Section        0  stm32h7xx_hal_i2c.o(i.HAL_I2C_Init)
    i.HAL_I2C_Mem_Read                       0x08000ecc   Section        0  stm32h7xx_hal_i2c.o(i.HAL_I2C_Mem_Read)
    i.HAL_I2C_Mem_Write                      0x0800103c   Section        0  stm32h7xx_hal_i2c.o(i.HAL_I2C_Mem_Write)
    i.HAL_I2C_MspInit                        0x080011a4   Section        0  stm32h7xx_hal_i2c.o(i.HAL_I2C_MspInit)
    i.HAL_IncTick                            0x080011a8   Section        0  stm32h7xx_hal.o(i.HAL_IncTick)
    i.HAL_Init                               0x080011b8   Section        0  stm32h7xx_hal.o(i.HAL_Init)
    i.HAL_InitTick                           0x080011d4   Section        0  stm32h7xx_hal.o(i.HAL_InitTick)
    i.HAL_MPU_ConfigRegion                   0x08001214   Section        0  stm32h7xx_hal_cortex.o(i.HAL_MPU_ConfigRegion)
    i.HAL_MspInit                            0x08001268   Section        0  stm32h7xx_hal_msp.o(i.HAL_MspInit)
    i.HAL_NVIC_EnableIRQ                     0x080012d8   Section        0  stm32h7xx_hal_cortex.o(i.HAL_NVIC_EnableIRQ)
    i.HAL_NVIC_SetPriority                   0x080012f4   Section        0  stm32h7xx_hal_cortex.o(i.HAL_NVIC_SetPriority)
    i.HAL_NVIC_SetPriorityGrouping           0x08001334   Section        0  stm32h7xx_hal_cortex.o(i.HAL_NVIC_SetPriorityGrouping)
    i.HAL_RCCEx_GetD1SysClockFreq            0x08001358   Section        0  stm32h7xx_hal_rcc_ex.o(i.HAL_RCCEx_GetD1SysClockFreq)
    i.HAL_RCCEx_GetD3PCLK1Freq               0x0800138c   Section        0  stm32h7xx_hal_rcc_ex.o(i.HAL_RCCEx_GetD3PCLK1Freq)
    i.HAL_RCCEx_GetPLL2ClockFreq             0x080013b8   Section        0  stm32h7xx_hal_rcc_ex.o(i.HAL_RCCEx_GetPLL2ClockFreq)
    i.HAL_RCCEx_GetPLL3ClockFreq             0x080014b4   Section        0  stm32h7xx_hal_rcc_ex.o(i.HAL_RCCEx_GetPLL3ClockFreq)
    i.HAL_RCCEx_PeriphCLKConfig              0x080015b0   Section        0  stm32h7xx_hal_rcc_ex.o(i.HAL_RCCEx_PeriphCLKConfig)
    i.HAL_RCC_ClockConfig                    0x08001f3c   Section        0  stm32h7xx_hal_rcc.o(i.HAL_RCC_ClockConfig)
    i.HAL_RCC_GetHCLKFreq                    0x08002114   Section        0  stm32h7xx_hal_rcc.o(i.HAL_RCC_GetHCLKFreq)
    i.HAL_RCC_GetPCLK1Freq                   0x08002148   Section        0  stm32h7xx_hal_rcc.o(i.HAL_RCC_GetPCLK1Freq)
    i.HAL_RCC_GetPCLK2Freq                   0x08002174   Section        0  stm32h7xx_hal_rcc.o(i.HAL_RCC_GetPCLK2Freq)
    i.HAL_RCC_GetSysClockFreq                0x080021a0   Section        0  stm32h7xx_hal_rcc.o(i.HAL_RCC_GetSysClockFreq)
    i.HAL_RCC_OscConfig                      0x08002294   Section        0  stm32h7xx_hal_rcc.o(i.HAL_RCC_OscConfig)
    i.HAL_RTCEx_AlarmBEventCallback          0x0800272c   Section        0  main.o(i.HAL_RTCEx_AlarmBEventCallback)
    i.HAL_RTC_AlarmAEventCallback            0x08002750   Section        0  main.o(i.HAL_RTC_AlarmAEventCallback)
    i.HAL_RTC_AlarmIRQHandler                0x08002774   Section        0  stm32h7xx_hal_rtc.o(i.HAL_RTC_AlarmIRQHandler)
    i.HAL_RTC_Init                           0x080027cc   Section        0  stm32h7xx_hal_rtc.o(i.HAL_RTC_Init)
    i.HAL_RTC_MspInit                        0x08002874   Section        0  rtc.o(i.HAL_RTC_MspInit)
    i.HAL_RTC_SetAlarm_IT                    0x08002890   Section        0  stm32h7xx_hal_rtc.o(i.HAL_RTC_SetAlarm_IT)
    i.HAL_RTC_SetDate                        0x08002a2c   Section        0  stm32h7xx_hal_rtc.o(i.HAL_RTC_SetDate)
    i.HAL_RTC_SetTime                        0x08002b04   Section        0  stm32h7xx_hal_rtc.o(i.HAL_RTC_SetTime)
    i.HAL_RTC_WaitForSynchro                 0x08002bfc   Section        0  stm32h7xx_hal_rtc.o(i.HAL_RTC_WaitForSynchro)
    i.HAL_SRAM_Init                          0x08002c30   Section        0  stm32h7xx_hal_sram.o(i.HAL_SRAM_Init)
    i.HAL_SRAM_MspInit                       0x08002c94   Section        0  stm32h7xx_hal_sram.o(i.HAL_SRAM_MspInit)
    i.HAL_SYSTICK_CLKSourceConfig            0x08002c96   Section        0  stm32h7xx_hal_cortex.o(i.HAL_SYSTICK_CLKSourceConfig)
    i.HAL_SYSTICK_Config                     0x08002cae   Section        0  stm32h7xx_hal_cortex.o(i.HAL_SYSTICK_Config)
    i.HAL_TIMEx_BreakCallback                0x08002cd6   Section        0  stm32h7xx_hal_tim_ex.o(i.HAL_TIMEx_BreakCallback)
    i.HAL_TIMEx_CommutationCallback          0x08002cd8   Section        0  stm32h7xx_hal_tim_ex.o(i.HAL_TIMEx_CommutationCallback)
    i.HAL_TIMEx_MasterConfigSynchronization  0x08002cdc   Section        0  stm32h7xx_hal_tim_ex.o(i.HAL_TIMEx_MasterConfigSynchronization)
    i.HAL_TIM_Base_Init                      0x08002d34   Section        0  stm32h7xx_hal_tim.o(i.HAL_TIM_Base_Init)
    i.HAL_TIM_Base_MspInit                   0x08002d6a   Section        0  stm32h7xx_hal_tim.o(i.HAL_TIM_Base_MspInit)
    i.HAL_TIM_Base_Start_IT                  0x08002d6c   Section        0  stm32h7xx_hal_tim.o(i.HAL_TIM_Base_Start_IT)
    i.HAL_TIM_IC_CaptureCallback             0x08002d84   Section        0  stm32h7xx_hal_tim.o(i.HAL_TIM_IC_CaptureCallback)
    i.HAL_TIM_IRQHandler                     0x08002d86   Section        0  stm32h7xx_hal_tim.o(i.HAL_TIM_IRQHandler)
    i.HAL_TIM_MspPostInit                    0x08002f08   Section        0  tim.o(i.HAL_TIM_MspPostInit)
    i.HAL_TIM_OC_DelayElapsedCallback        0x08002f58   Section        0  stm32h7xx_hal_tim.o(i.HAL_TIM_OC_DelayElapsedCallback)
    i.HAL_TIM_PWM_ConfigChannel              0x08002f5a   Section        0  stm32h7xx_hal_tim.o(i.HAL_TIM_PWM_ConfigChannel)
    i.HAL_TIM_PWM_Init                       0x08003082   Section        0  stm32h7xx_hal_tim.o(i.HAL_TIM_PWM_Init)
    i.HAL_TIM_PWM_MspInit                    0x080030b8   Section        0  tim.o(i.HAL_TIM_PWM_MspInit)
    i.HAL_TIM_PWM_PulseFinishedCallback      0x080030e0   Section        0  stm32h7xx_hal_tim.o(i.HAL_TIM_PWM_PulseFinishedCallback)
    i.HAL_TIM_PWM_Start                      0x080030e4   Section        0  stm32h7xx_hal_tim.o(i.HAL_TIM_PWM_Start)
    i.HAL_TIM_PeriodElapsedCallback          0x0800313c   Section        0  bsp_basic_tim.o(i.HAL_TIM_PeriodElapsedCallback)
    i.HAL_TIM_TriggerCallback                0x08003170   Section        0  stm32h7xx_hal_tim.o(i.HAL_TIM_TriggerCallback)
    i.HAL_UART_Init                          0x08003172   Section        0  stm32h7xx_hal_uart.o(i.HAL_UART_Init)
    i.HAL_UART_MspInit                       0x080031dc   Section        0  usart.o(i.HAL_UART_MspInit)
    i.HAL_UART_Transmit                      0x08003244   Section        0  stm32h7xx_hal_uart.o(i.HAL_UART_Transmit)
    i.HardFault_Handler                      0x080032f6   Section        0  stm32h7xx_it.o(i.HardFault_Handler)
    i.I2C_EE_Init                            0x080032f8   Section        0  i2c.o(i.I2C_EE_Init)
    i.I2C_Flush_TXDR                         0x08003306   Section        0  stm32h7xx_hal_i2c.o(i.I2C_Flush_TXDR)
    I2C_Flush_TXDR                           0x08003307   Thumb Code    34  stm32h7xx_hal_i2c.o(i.I2C_Flush_TXDR)
    i.I2C_GPIO_Config                        0x08003328   Section        0  i2c.o(i.I2C_GPIO_Config)
    I2C_GPIO_Config                          0x08003329   Thumb Code   124  i2c.o(i.I2C_GPIO_Config)
    i.I2C_IsAcknowledgeFailed                0x080033ac   Section        0  stm32h7xx_hal_i2c.o(i.I2C_IsAcknowledgeFailed)
    I2C_IsAcknowledgeFailed                  0x080033ad   Thumb Code   120  stm32h7xx_hal_i2c.o(i.I2C_IsAcknowledgeFailed)
    i.I2C_Mode_Config                        0x08003428   Section        0  i2c.o(i.I2C_Mode_Config)
    I2C_Mode_Config                          0x08003429   Thumb Code    46  i2c.o(i.I2C_Mode_Config)
    i.I2C_Read                               0x08003464   Section        0  i2c.o(i.I2C_Read)
    i.I2C_RequestMemoryRead                  0x08003484   Section        0  stm32h7xx_hal_i2c.o(i.I2C_RequestMemoryRead)
    I2C_RequestMemoryRead                    0x08003485   Thumb Code   108  stm32h7xx_hal_i2c.o(i.I2C_RequestMemoryRead)
    i.I2C_RequestMemoryWrite                 0x080034f4   Section        0  stm32h7xx_hal_i2c.o(i.I2C_RequestMemoryWrite)
    I2C_RequestMemoryWrite                   0x080034f5   Thumb Code   108  stm32h7xx_hal_i2c.o(i.I2C_RequestMemoryWrite)
    i.I2C_TransferConfig                     0x08003564   Section        0  stm32h7xx_hal_i2c.o(i.I2C_TransferConfig)
    I2C_TransferConfig                       0x08003565   Thumb Code    40  stm32h7xx_hal_i2c.o(i.I2C_TransferConfig)
    i.I2C_WaitOnFlagUntilTimeout             0x08003590   Section        0  stm32h7xx_hal_i2c.o(i.I2C_WaitOnFlagUntilTimeout)
    I2C_WaitOnFlagUntilTimeout               0x08003591   Thumb Code    82  stm32h7xx_hal_i2c.o(i.I2C_WaitOnFlagUntilTimeout)
    i.I2C_WaitOnSTOPFlagUntilTimeout         0x080035e2   Section        0  stm32h7xx_hal_i2c.o(i.I2C_WaitOnSTOPFlagUntilTimeout)
    I2C_WaitOnSTOPFlagUntilTimeout           0x080035e3   Thumb Code    80  stm32h7xx_hal_i2c.o(i.I2C_WaitOnSTOPFlagUntilTimeout)
    i.I2C_WaitOnTXISFlagUntilTimeout         0x08003632   Section        0  stm32h7xx_hal_i2c.o(i.I2C_WaitOnTXISFlagUntilTimeout)
    I2C_WaitOnTXISFlagUntilTimeout           0x08003633   Thumb Code    84  stm32h7xx_hal_i2c.o(i.I2C_WaitOnTXISFlagUntilTimeout)
    i.I2C_Write                              0x08003688   Section        0  i2c.o(i.I2C_Write)
    i.Key1Callback                           0x080036c0   Section        0  main.o(i.Key1Callback)
    i.Key2Callback                           0x080036dc   Section        0  main.o(i.Key2Callback)
    i.Key3Callback                           0x080036f8   Section        0  main.o(i.Key3Callback)
    i.Key4Callback                           0x0800374c   Section        0  main.o(i.Key4Callback)
    i.LCD_Clear                              0x08003788   Section        0  lcd.o(i.LCD_Clear)
    i.LCD_CtrlLinesConfig                    0x0800382c   Section        0  lcd.o(i.LCD_CtrlLinesConfig)
    LCD_CtrlLinesConfig                      0x0800382d   Thumb Code   178  lcd.o(i.LCD_CtrlLinesConfig)
    i.LCD_FSMCConfig                         0x080038f4   Section        0  lcd.o(i.LCD_FSMCConfig)
    LCD_FSMCConfig                           0x080038f5   Thumb Code   104  lcd.o(i.LCD_FSMCConfig)
    i.LCD_Initializtion                      0x08003968   Section        0  lcd.o(i.LCD_Initializtion)
    i.LCD_ReadReg                            0x0800511c   Section        0  lcd.o(i.LCD_ReadReg)
    i.LCD_Scan_Dir                           0x0800512c   Section        0  lcd.o(i.LCD_Scan_Dir)
    i.LCD_SetCursor                          0x08005180   Section        0  lcd.o(i.LCD_SetCursor)
    LCD_SetCursor                            0x08005181   Thumb Code   102  lcd.o(i.LCD_SetCursor)
    i.LCD_SetPoint                           0x080051ec   Section        0  lcd.o(i.LCD_SetPoint)
    i.LCD_Show                               0x08005240   Section        0  main.o(i.LCD_Show)
    i.LCD_WriteReg                           0x08005284   Section        0  lcd.o(i.LCD_WriteReg)
    i.MPU_Config                             0x08005294   Section        0  main.o(i.MPU_Config)
    i.MX_GPIO_Init                           0x080052fc   Section        0  main.o(i.MX_GPIO_Init)
    i.MX_RTC_Init                            0x0800537c   Section        0  rtc.o(i.MX_RTC_Init)
    i.MX_Set_Alarm                           0x08005448   Section        0  main.o(i.MX_Set_Alarm)
    i.MX_TIM3_Init                           0x080054b0   Section        0  tim.o(i.MX_TIM3_Init)
    i.MX_USART1_UART_Init                    0x08005554   Section        0  usart.o(i.MX_USART1_UART_Init)
    i.MemManage_Handler                      0x080055ac   Section        0  stm32h7xx_it.o(i.MemManage_Handler)
    i.ModifyBrightness                       0x080055b0   Section        0  main.o(i.ModifyBrightness)
    i.NMI_Handler                            0x080055dc   Section        0  stm32h7xx_it.o(i.NMI_Handler)
    i.NVIC_SystemReset                       0x080055e0   Section        0  main.o(i.NVIC_SystemReset)
    NVIC_SystemReset                         0x080055e1   Thumb Code    26  main.o(i.NVIC_SystemReset)
    i.PendSV_Handler                         0x08005604   Section        0  stm32h7xx_it.o(i.PendSV_Handler)
    i.PutChar                                0x08005606   Section        0  lcd.o(i.PutChar)
    i.RCCEx_PLL2_Config                      0x08005658   Section        0  stm32h7xx_hal_rcc_ex.o(i.RCCEx_PLL2_Config)
    RCCEx_PLL2_Config                        0x08005659   Thumb Code   196  stm32h7xx_hal_rcc_ex.o(i.RCCEx_PLL2_Config)
    i.RCCEx_PLL3_Config                      0x08005720   Section        0  stm32h7xx_hal_rcc_ex.o(i.RCCEx_PLL3_Config)
    RCCEx_PLL3_Config                        0x08005721   Thumb Code   196  stm32h7xx_hal_rcc_ex.o(i.RCCEx_PLL3_Config)
    i.RTC_Alarm_IRQHandler                   0x080057e8   Section        0  stm32h7xx_it.o(i.RTC_Alarm_IRQHandler)
    i.RTC_Bcd2ToByte                         0x08005804   Section        0  stm32h7xx_hal_rtc.o(i.RTC_Bcd2ToByte)
    i.RTC_ByteToBcd2                         0x08005816   Section        0  stm32h7xx_hal_rtc.o(i.RTC_ByteToBcd2)
    i.RTC_EnterInitMode                      0x0800582c   Section        0  stm32h7xx_hal_rtc.o(i.RTC_EnterInitMode)
    i.SVC_Handler                            0x08005864   Section        0  stm32h7xx_it.o(i.SVC_Handler)
    i.SysTick_Handler                        0x08005866   Section        0  stm32h7xx_it.o(i.SysTick_Handler)
    i.SystemClock_Config                     0x0800586c   Section        0  main.o(i.SystemClock_Config)
    i.SystemInit                             0x08005938   Section        0  system_stm32h7xx.o(i.SystemInit)
    i.TIM6_DAC_IRQHandler                    0x080059bc   Section        0  stm32h7xx_it.o(i.TIM6_DAC_IRQHandler)
    i.TIM_Base_SetConfig                     0x080059c8   Section        0  stm32h7xx_hal_tim.o(i.TIM_Base_SetConfig)
    i.TIM_Basic_Init                         0x08005a88   Section        0  bsp_basic_tim.o(i.TIM_Basic_Init)
    i.TIM_CCxChannelCmd                      0x08005ad8   Section        0  stm32h7xx_hal_tim.o(i.TIM_CCxChannelCmd)
    i.TIM_OC1_SetConfig                      0x08005af0   Section        0  stm32h7xx_hal_tim.o(i.TIM_OC1_SetConfig)
    i.TIM_OC2_SetConfig                      0x08005b8c   Section        0  stm32h7xx_hal_tim.o(i.TIM_OC2_SetConfig)
    i.TIM_OC3_SetConfig                      0x08005c1c   Section        0  stm32h7xx_hal_tim.o(i.TIM_OC3_SetConfig)
    i.TIM_OC4_SetConfig                      0x08005ca4   Section        0  stm32h7xx_hal_tim.o(i.TIM_OC4_SetConfig)
    i.TIM_OC5_SetConfig                      0x08005d10   Section        0  stm32h7xx_hal_tim.o(i.TIM_OC5_SetConfig)
    TIM_OC5_SetConfig                        0x08005d11   Thumb Code    86  stm32h7xx_hal_tim.o(i.TIM_OC5_SetConfig)
    i.TIM_OC6_SetConfig                      0x08005d7c   Section        0  stm32h7xx_hal_tim.o(i.TIM_OC6_SetConfig)
    TIM_OC6_SetConfig                        0x08005d7d   Thumb Code    88  stm32h7xx_hal_tim.o(i.TIM_OC6_SetConfig)
    i.UART_AdvFeatureConfig                  0x08005de8   Section        0  stm32h7xx_hal_uart.o(i.UART_AdvFeatureConfig)
    i.UART_CheckIdleState                    0x08005eb0   Section        0  stm32h7xx_hal_uart.o(i.UART_CheckIdleState)
    i.UART_SetConfig                         0x08005f0c   Section        0  stm32h7xx_hal_uart.o(i.UART_SetConfig)
    i.UART_WaitOnFlagUntilTimeout            0x080063b4   Section        0  stm32h7xx_hal_uart.o(i.UART_WaitOnFlagUntilTimeout)
    i.UsageFault_Handler                     0x08006416   Section        0  stm32h7xx_it.o(i.UsageFault_Handler)
    i._Error_Handler                         0x08006418   Section        0  main.o(i._Error_Handler)
    i.__0printf                              0x0800641c   Section        0  printfa.o(i.__0printf)
    i.__0sprintf                             0x0800643c   Section        0  printfa.o(i.__0sprintf)
    i.__NVIC_SetPriority                     0x08006464   Section        0  stm32h7xx_hal_cortex.o(i.__NVIC_SetPriority)
    __NVIC_SetPriority                       0x08006465   Thumb Code    32  stm32h7xx_hal_cortex.o(i.__NVIC_SetPriority)
    i.__scatterload_copy                     0x08006484   Section       14  handlers.o(i.__scatterload_copy)
    i.__scatterload_null                     0x08006492   Section        2  handlers.o(i.__scatterload_null)
    i.__scatterload_zeroinit                 0x08006494   Section       14  handlers.o(i.__scatterload_zeroinit)
    i._fp_digits                             0x080064a4   Section        0  printfa.o(i._fp_digits)
    _fp_digits                               0x080064a5   Thumb Code   366  printfa.o(i._fp_digits)
    i._printf_core                           0x08006628   Section        0  printfa.o(i._printf_core)
    _printf_core                             0x08006629   Thumb Code  1704  printfa.o(i._printf_core)
    i._printf_post_padding                   0x08006cdc   Section        0  printfa.o(i._printf_post_padding)
    _printf_post_padding                     0x08006cdd   Thumb Code    36  printfa.o(i._printf_post_padding)
    i._printf_pre_padding                    0x08006d00   Section        0  printfa.o(i._printf_pre_padding)
    _printf_pre_padding                      0x08006d01   Thumb Code    46  printfa.o(i._printf_pre_padding)
    i._sputc                                 0x08006d2e   Section        0  printfa.o(i._sputc)
    _sputc                                   0x08006d2f   Thumb Code    10  printfa.o(i._sputc)
    i.fputc                                  0x08006d38   Section        0  usart.o(i.fputc)
    i.initISL29023                           0x08006d50   Section        0  main.o(i.initISL29023)
    i.main                                   0x08006d7c   Section        0  main.o(i.main)
    i.readLux                                0x08006e94   Section        0  main.o(i.readLux)
    i.readtemp                               0x08006ee0   Section        0  main.o(i.readtemp)
    .constdata                               0x08006f0c   Section     1520  asciilib.o(.constdata)
    AsciiLib                                 0x08006f0c   Data        1520  asciilib.o(.constdata)
    .constdata                               0x080074fc   Section       24  stm32h7xx_hal_uart.o(.constdata)
    UARTPrescTable                           0x080074fc   Data          24  stm32h7xx_hal_uart.o(.constdata)
    .constdata                               0x08007514   Section       16  system_stm32h7xx.o(.constdata)
    .data                                    0x24000000   Section      499  main.o(.data)
    .data                                    0x240001f4   Section        4  lcd.o(.data)
    LCD_Code                                 0x240001f4   Data           1  lcd.o(.data)
    .data                                    0x240001f8   Section        2  bsp_basic_tim.o(.data)
    b                                        0x240001f8   Data           2  bsp_basic_tim.o(.data)
    .data                                    0x240001fc   Section       12  stm32h7xx_hal.o(.data)
    uwTickFreq                               0x240001fc   Data           1  stm32h7xx_hal.o(.data)
    uwTickPrio                               0x24000200   Data           4  stm32h7xx_hal.o(.data)
    uwTick                                   0x24000204   Data           4  stm32h7xx_hal.o(.data)
    .data                                    0x24000208   Section        4  system_stm32h7xx.o(.data)
    .data                                    0x2400020c   Section        4  system_stm32h7xx.o(.data)
    .data                                    0x24000210   Section        4  stdout.o(.data)
    .bss                                     0x24000214   Section       40  main.o(.bss)
    .bss                                     0x2400023c   Section       76  lcd.o(.bss)
    .bss                                     0x24000288   Section       64  tim.o(.bss)
    .bss                                     0x240002c8   Section       76  i2c.o(.bss)
    .bss                                     0x24000314   Section      128  usart.o(.bss)
    .bss                                     0x24000394   Section       64  bsp_basic_tim.o(.bss)
    .bss                                     0x240003d4   Section       36  rtc.o(.bss)
    STACK                                    0x240003f8   Section     1024  startup_stm32h743xx.o(STACK)

    Global Symbols

    Symbol Name                              Value     Ov Type        Size  Object(Section)

    BuildAttributes$$THM_ISAv4$E$P$D$K$B$S$7EM$VFPv5_D16$PE$PLD8$A:L22UL41UL21$X:L11$S22US41US21$IEEE1$IW$USESV6$~STKCKD$USESV7$~SHL$OSPACE$ROPI$EBA8$MICROLIB$REQ8$PRES8$EABIv2 0x00000000   Number         0  anon$$obj.o ABSOLUTE
    __ARM_use_no_argv                        0x00000000   Number         0  main.o ABSOLUTE
    _printf_a                                0x00000000   Number         0  stubs.o ABSOLUTE
    _printf_c                                0x00000000   Number         0  stubs.o ABSOLUTE
    _printf_charcount                        0x00000000   Number         0  stubs.o ABSOLUTE
    _printf_d                                0x00000000   Number         0  stubs.o ABSOLUTE
    _printf_e                                0x00000000   Number         0  stubs.o ABSOLUTE
    _printf_f                                0x00000000   Number         0  stubs.o ABSOLUTE
    _printf_flags                            0x00000000   Number         0  stubs.o ABSOLUTE
    _printf_fp_dec                           0x00000000   Number         0  stubs.o ABSOLUTE
    _printf_fp_hex                           0x00000000   Number         0  stubs.o ABSOLUTE
    _printf_g                                0x00000000   Number         0  stubs.o ABSOLUTE
    _printf_i                                0x00000000   Number         0  stubs.o ABSOLUTE
    _printf_int_dec                          0x00000000   Number         0  stubs.o ABSOLUTE
    _printf_l                                0x00000000   Number         0  stubs.o ABSOLUTE
    _printf_lc                               0x00000000   Number         0  stubs.o ABSOLUTE
    _printf_ll                               0x00000000   Number         0  stubs.o ABSOLUTE
    _printf_lld                              0x00000000   Number         0  stubs.o ABSOLUTE
    _printf_lli                              0x00000000   Number         0  stubs.o ABSOLUTE
    _printf_llo                              0x00000000   Number         0  stubs.o ABSOLUTE
    _printf_llu                              0x00000000   Number         0  stubs.o ABSOLUTE
    _printf_llx                              0x00000000   Number         0  stubs.o ABSOLUTE
    _printf_longlong_dec                     0x00000000   Number         0  stubs.o ABSOLUTE
    _printf_longlong_hex                     0x00000000   Number         0  stubs.o ABSOLUTE
    _printf_longlong_oct                     0x00000000   Number         0  stubs.o ABSOLUTE
    _printf_ls                               0x00000000   Number         0  stubs.o ABSOLUTE
    _printf_mbtowc                           0x00000000   Number         0  stubs.o ABSOLUTE
    _printf_n                                0x00000000   Number         0  stubs.o ABSOLUTE
    _printf_o                                0x00000000   Number         0  stubs.o ABSOLUTE
    _printf_p                                0x00000000   Number         0  stubs.o ABSOLUTE
    _printf_percent                          0x00000000   Number         0  stubs.o ABSOLUTE
    _printf_pre_padding                      0x00000000   Number         0  stubs.o ABSOLUTE
    _printf_return_value                     0x00000000   Number         0  stubs.o ABSOLUTE
    _printf_s                                0x00000000   Number         0  stubs.o ABSOLUTE
    _printf_sizespec                         0x00000000   Number         0  stubs.o ABSOLUTE
    _printf_str                              0x00000000   Number         0  stubs.o ABSOLUTE
    _printf_truncate_signed                  0x00000000   Number         0  stubs.o ABSOLUTE
    _printf_truncate_unsigned                0x00000000   Number         0  stubs.o ABSOLUTE
    _printf_u                                0x00000000   Number         0  stubs.o ABSOLUTE
    _printf_wc                               0x00000000   Number         0  stubs.o ABSOLUTE
    _printf_wctomb                           0x00000000   Number         0  stubs.o ABSOLUTE
    _printf_widthprec                        0x00000000   Number         0  stubs.o ABSOLUTE
    _printf_x                                0x00000000   Number         0  stubs.o ABSOLUTE
    __arm_fini_                               - Undefined Weak Reference
    __cpp_initialize__aeabi_                  - Undefined Weak Reference
    __cxa_finalize                            - Undefined Weak Reference
    _clock_init                               - Undefined Weak Reference
    _microlib_exit                            - Undefined Weak Reference
    __Vectors_Size                           0x00000298   Number         0  startup_stm32h743xx.o ABSOLUTE
    __Vectors                                0x08000000   Data           4  startup_stm32h743xx.o(RESET)
    __Vectors_End                            0x08000298   Data           0  startup_stm32h743xx.o(RESET)
    __main                                   0x08000299   Thumb Code     0  entry.o(.ARM.Collect$$$$00000000)
    _main_stk                                0x08000299   Thumb Code     0  entry2.o(.ARM.Collect$$$$00000001)
    _main_scatterload                        0x0800029d   Thumb Code     0  entry5.o(.ARM.Collect$$$$00000004)
    __main_after_scatterload                 0x080002a1   Thumb Code     0  entry5.o(.ARM.Collect$$$$00000004)
    _main_clock                              0x080002a1   Thumb Code     0  entry7b.o(.ARM.Collect$$$$00000008)
    _main_cpp_init                           0x080002a1   Thumb Code     0  entry8b.o(.ARM.Collect$$$$0000000A)
    _main_init                               0x080002a1   Thumb Code     0  entry9a.o(.ARM.Collect$$$$0000000B)
    __rt_lib_shutdown_fini                   0x080002a9   Thumb Code     0  entry12b.o(.ARM.Collect$$$$0000000E)
    __rt_final_cpp                           0x080002ad   Thumb Code     0  entry10a.o(.ARM.Collect$$$$0000000F)
    __rt_final_exit                          0x080002ad   Thumb Code     0  entry11a.o(.ARM.Collect$$$$00000011)
    Reset_Handler                            0x080002b1   Thumb Code     8  startup_stm32h743xx.o(.text)
    ADC3_IRQHandler                          0x080002cb   Thumb Code     0  startup_stm32h743xx.o(.text)
    ADC_IRQHandler                           0x080002cb   Thumb Code     0  startup_stm32h743xx.o(.text)
    BDMA_Channel0_IRQHandler                 0x080002cb   Thumb Code     0  startup_stm32h743xx.o(.text)
    BDMA_Channel1_IRQHandler                 0x080002cb   Thumb Code     0  startup_stm32h743xx.o(.text)
    BDMA_Channel2_IRQHandler                 0x080002cb   Thumb Code     0  startup_stm32h743xx.o(.text)
    BDMA_Channel3_IRQHandler                 0x080002cb   Thumb Code     0  startup_stm32h743xx.o(.text)
    BDMA_Channel4_IRQHandler                 0x080002cb   Thumb Code     0  startup_stm32h743xx.o(.text)
    BDMA_Channel5_IRQHandler                 0x080002cb   Thumb Code     0  startup_stm32h743xx.o(.text)
    BDMA_Channel6_IRQHandler                 0x080002cb   Thumb Code     0  startup_stm32h743xx.o(.text)
    BDMA_Channel7_IRQHandler                 0x080002cb   Thumb Code     0  startup_stm32h743xx.o(.text)
    CEC_IRQHandler                           0x080002cb   Thumb Code     0  startup_stm32h743xx.o(.text)
    COMP1_IRQHandler                         0x080002cb   Thumb Code     0  startup_stm32h743xx.o(.text)
    CRS_IRQHandler                           0x080002cb   Thumb Code     0  startup_stm32h743xx.o(.text)
    DCMI_IRQHandler                          0x080002cb   Thumb Code     0  startup_stm32h743xx.o(.text)
    DFSDM1_FLT0_IRQHandler                   0x080002cb   Thumb Code     0  startup_stm32h743xx.o(.text)
    DFSDM1_FLT1_IRQHandler                   0x080002cb   Thumb Code     0  startup_stm32h743xx.o(.text)
    DFSDM1_FLT2_IRQHandler                   0x080002cb   Thumb Code     0  startup_stm32h743xx.o(.text)
    DFSDM1_FLT3_IRQHandler                   0x080002cb   Thumb Code     0  startup_stm32h743xx.o(.text)
    DMA1_Stream0_IRQHandler                  0x080002cb   Thumb Code     0  startup_stm32h743xx.o(.text)
    DMA1_Stream1_IRQHandler                  0x080002cb   Thumb Code     0  startup_stm32h743xx.o(.text)
    DMA1_Stream2_IRQHandler                  0x080002cb   Thumb Code     0  startup_stm32h743xx.o(.text)
    DMA1_Stream3_IRQHandler                  0x080002cb   Thumb Code     0  startup_stm32h743xx.o(.text)
    DMA1_Stream4_IRQHandler                  0x080002cb   Thumb Code     0  startup_stm32h743xx.o(.text)
    DMA1_Stream5_IRQHandler                  0x080002cb   Thumb Code     0  startup_stm32h743xx.o(.text)
    DMA1_Stream6_IRQHandler                  0x080002cb   Thumb Code     0  startup_stm32h743xx.o(.text)
    DMA1_Stream7_IRQHandler                  0x080002cb   Thumb Code     0  startup_stm32h743xx.o(.text)
    DMA2D_IRQHandler                         0x080002cb   Thumb Code     0  startup_stm32h743xx.o(.text)
    DMA2_Stream0_IRQHandler                  0x080002cb   Thumb Code     0  startup_stm32h743xx.o(.text)
    DMA2_Stream1_IRQHandler                  0x080002cb   Thumb Code     0  startup_stm32h743xx.o(.text)
    DMA2_Stream2_IRQHandler                  0x080002cb   Thumb Code     0  startup_stm32h743xx.o(.text)
    DMA2_Stream3_IRQHandler                  0x080002cb   Thumb Code     0  startup_stm32h743xx.o(.text)
    DMA2_Stream4_IRQHandler                  0x080002cb   Thumb Code     0  startup_stm32h743xx.o(.text)
    DMA2_Stream5_IRQHandler                  0x080002cb   Thumb Code     0  startup_stm32h743xx.o(.text)
    DMA2_Stream6_IRQHandler                  0x080002cb   Thumb Code     0  startup_stm32h743xx.o(.text)
    DMA2_Stream7_IRQHandler                  0x080002cb   Thumb Code     0  startup_stm32h743xx.o(.text)
    DMAMUX1_OVR_IRQHandler                   0x080002cb   Thumb Code     0  startup_stm32h743xx.o(.text)
    DMAMUX2_OVR_IRQHandler                   0x080002cb   Thumb Code     0  startup_stm32h743xx.o(.text)
    ETH_IRQHandler                           0x080002cb   Thumb Code     0  startup_stm32h743xx.o(.text)
    ETH_WKUP_IRQHandler                      0x080002cb   Thumb Code     0  startup_stm32h743xx.o(.text)
    EXTI15_10_IRQHandler                     0x080002cb   Thumb Code     0  startup_stm32h743xx.o(.text)
    EXTI1_IRQHandler                         0x080002cb   Thumb Code     0  startup_stm32h743xx.o(.text)
    EXTI9_5_IRQHandler                       0x080002cb   Thumb Code     0  startup_stm32h743xx.o(.text)
    FDCAN1_IT0_IRQHandler                    0x080002cb   Thumb Code     0  startup_stm32h743xx.o(.text)
    FDCAN1_IT1_IRQHandler                    0x080002cb   Thumb Code     0  startup_stm32h743xx.o(.text)
    FDCAN2_IT0_IRQHandler                    0x080002cb   Thumb Code     0  startup_stm32h743xx.o(.text)
    FDCAN2_IT1_IRQHandler                    0x080002cb   Thumb Code     0  startup_stm32h743xx.o(.text)
    FDCAN_CAL_IRQHandler                     0x080002cb   Thumb Code     0  startup_stm32h743xx.o(.text)
    FLASH_IRQHandler                         0x080002cb   Thumb Code     0  startup_stm32h743xx.o(.text)
    FMC_IRQHandler                           0x080002cb   Thumb Code     0  startup_stm32h743xx.o(.text)
    FPU_IRQHandler                           0x080002cb   Thumb Code     0  startup_stm32h743xx.o(.text)
    HRTIM1_FLT_IRQHandler                    0x080002cb   Thumb Code     0  startup_stm32h743xx.o(.text)
    HRTIM1_Master_IRQHandler                 0x080002cb   Thumb Code     0  startup_stm32h743xx.o(.text)
    HRTIM1_TIMA_IRQHandler                   0x080002cb   Thumb Code     0  startup_stm32h743xx.o(.text)
    HRTIM1_TIMB_IRQHandler                   0x080002cb   Thumb Code     0  startup_stm32h743xx.o(.text)
    HRTIM1_TIMC_IRQHandler                   0x080002cb   Thumb Code     0  startup_stm32h743xx.o(.text)
    HRTIM1_TIMD_IRQHandler                   0x080002cb   Thumb Code     0  startup_stm32h743xx.o(.text)
    HRTIM1_TIME_IRQHandler                   0x080002cb   Thumb Code     0  startup_stm32h743xx.o(.text)
    HSEM1_IRQHandler                         0x080002cb   Thumb Code     0  startup_stm32h743xx.o(.text)
    I2C1_ER_IRQHandler                       0x080002cb   Thumb Code     0  startup_stm32h743xx.o(.text)
    I2C1_EV_IRQHandler                       0x080002cb   Thumb Code     0  startup_stm32h743xx.o(.text)
    I2C2_ER_IRQHandler                       0x080002cb   Thumb Code     0  startup_stm32h743xx.o(.text)
    I2C2_EV_IRQHandler                       0x080002cb   Thumb Code     0  startup_stm32h743xx.o(.text)
    I2C3_ER_IRQHandler                       0x080002cb   Thumb Code     0  startup_stm32h743xx.o(.text)
    I2C3_EV_IRQHandler                       0x080002cb   Thumb Code     0  startup_stm32h743xx.o(.text)
    I2C4_ER_IRQHandler                       0x080002cb   Thumb Code     0  startup_stm32h743xx.o(.text)
    I2C4_EV_IRQHandler                       0x080002cb   Thumb Code     0  startup_stm32h743xx.o(.text)
    JPEG_IRQHandler                          0x080002cb   Thumb Code     0  startup_stm32h743xx.o(.text)
    LPTIM1_IRQHandler                        0x080002cb   Thumb Code     0  startup_stm32h743xx.o(.text)
    LPTIM2_IRQHandler                        0x080002cb   Thumb Code     0  startup_stm32h743xx.o(.text)
    LPTIM3_IRQHandler                        0x080002cb   Thumb Code     0  startup_stm32h743xx.o(.text)
    LPTIM4_IRQHandler                        0x080002cb   Thumb Code     0  startup_stm32h743xx.o(.text)
    LPTIM5_IRQHandler                        0x080002cb   Thumb Code     0  startup_stm32h743xx.o(.text)
    LPUART1_IRQHandler                       0x080002cb   Thumb Code     0  startup_stm32h743xx.o(.text)
    LTDC_ER_IRQHandler                       0x080002cb   Thumb Code     0  startup_stm32h743xx.o(.text)
    LTDC_IRQHandler                          0x080002cb   Thumb Code     0  startup_stm32h743xx.o(.text)
    MDIOS_IRQHandler                         0x080002cb   Thumb Code     0  startup_stm32h743xx.o(.text)
    MDIOS_WKUP_IRQHandler                    0x080002cb   Thumb Code     0  startup_stm32h743xx.o(.text)
    MDMA_IRQHandler                          0x080002cb   Thumb Code     0  startup_stm32h743xx.o(.text)
    OTG_FS_EP1_IN_IRQHandler                 0x080002cb   Thumb Code     0  startup_stm32h743xx.o(.text)
    OTG_FS_EP1_OUT_IRQHandler                0x080002cb   Thumb Code     0  startup_stm32h743xx.o(.text)
    OTG_FS_IRQHandler                        0x080002cb   Thumb Code     0  startup_stm32h743xx.o(.text)
    OTG_FS_WKUP_IRQHandler                   0x080002cb   Thumb Code     0  startup_stm32h743xx.o(.text)
    OTG_HS_EP1_IN_IRQHandler                 0x080002cb   Thumb Code     0  startup_stm32h743xx.o(.text)
    OTG_HS_EP1_OUT_IRQHandler                0x080002cb   Thumb Code     0  startup_stm32h743xx.o(.text)
    OTG_HS_IRQHandler                        0x080002cb   Thumb Code     0  startup_stm32h743xx.o(.text)
    OTG_HS_WKUP_IRQHandler                   0x080002cb   Thumb Code     0  startup_stm32h743xx.o(.text)
    PVD_AVD_IRQHandler                       0x080002cb   Thumb Code     0  startup_stm32h743xx.o(.text)
    QUADSPI_IRQHandler                       0x080002cb   Thumb Code     0  startup_stm32h743xx.o(.text)
    RCC_IRQHandler                           0x080002cb   Thumb Code     0  startup_stm32h743xx.o(.text)
    RNG_IRQHandler                           0x080002cb   Thumb Code     0  startup_stm32h743xx.o(.text)
    RTC_WKUP_IRQHandler                      0x080002cb   Thumb Code     0  startup_stm32h743xx.o(.text)
    SAI1_IRQHandler                          0x080002cb   Thumb Code     0  startup_stm32h743xx.o(.text)
    SAI2_IRQHandler                          0x080002cb   Thumb Code     0  startup_stm32h743xx.o(.text)
    SAI3_IRQHandler                          0x080002cb   Thumb Code     0  startup_stm32h743xx.o(.text)
    SAI4_IRQHandler                          0x080002cb   Thumb Code     0  startup_stm32h743xx.o(.text)
    SDMMC1_IRQHandler                        0x080002cb   Thumb Code     0  startup_stm32h743xx.o(.text)
    SDMMC2_IRQHandler                        0x080002cb   Thumb Code     0  startup_stm32h743xx.o(.text)
    SPDIF_RX_IRQHandler                      0x080002cb   Thumb Code     0  startup_stm32h743xx.o(.text)
    SPI1_IRQHandler                          0x080002cb   Thumb Code     0  startup_stm32h743xx.o(.text)
    SPI2_IRQHandler                          0x080002cb   Thumb Code     0  startup_stm32h743xx.o(.text)
    SPI3_IRQHandler                          0x080002cb   Thumb Code     0  startup_stm32h743xx.o(.text)
    SPI4_IRQHandler                          0x080002cb   Thumb Code     0  startup_stm32h743xx.o(.text)
    SPI5_IRQHandler                          0x080002cb   Thumb Code     0  startup_stm32h743xx.o(.text)
    SPI6_IRQHandler                          0x080002cb   Thumb Code     0  startup_stm32h743xx.o(.text)
    SWPMI1_IRQHandler                        0x080002cb   Thumb Code     0  startup_stm32h743xx.o(.text)
    TAMP_STAMP_IRQHandler                    0x080002cb   Thumb Code     0  startup_stm32h743xx.o(.text)
    TIM15_IRQHandler                         0x080002cb   Thumb Code     0  startup_stm32h743xx.o(.text)
    TIM16_IRQHandler                         0x080002cb   Thumb Code     0  startup_stm32h743xx.o(.text)
    TIM17_IRQHandler                         0x080002cb   Thumb Code     0  startup_stm32h743xx.o(.text)
    TIM1_BRK_IRQHandler                      0x080002cb   Thumb Code     0  startup_stm32h743xx.o(.text)
    TIM1_CC_IRQHandler                       0x080002cb   Thumb Code     0  startup_stm32h743xx.o(.text)
    TIM1_TRG_COM_IRQHandler                  0x080002cb   Thumb Code     0  startup_stm32h743xx.o(.text)
    TIM1_UP_IRQHandler                       0x080002cb   Thumb Code     0  startup_stm32h743xx.o(.text)
    TIM2_IRQHandler                          0x080002cb   Thumb Code     0  startup_stm32h743xx.o(.text)
    TIM3_IRQHandler                          0x080002cb   Thumb Code     0  startup_stm32h743xx.o(.text)
    TIM4_IRQHandler                          0x080002cb   Thumb Code     0  startup_stm32h743xx.o(.text)
    TIM5_IRQHandler                          0x080002cb   Thumb Code     0  startup_stm32h743xx.o(.text)
    TIM7_IRQHandler                          0x080002cb   Thumb Code     0  startup_stm32h743xx.o(.text)
    TIM8_BRK_TIM12_IRQHandler                0x080002cb   Thumb Code     0  startup_stm32h743xx.o(.text)
    TIM8_CC_IRQHandler                       0x080002cb   Thumb Code     0  startup_stm32h743xx.o(.text)
    TIM8_TRG_COM_TIM14_IRQHandler            0x080002cb   Thumb Code     0  startup_stm32h743xx.o(.text)
    TIM8_UP_TIM13_IRQHandler                 0x080002cb   Thumb Code     0  startup_stm32h743xx.o(.text)
    UART4_IRQHandler                         0x080002cb   Thumb Code     0  startup_stm32h743xx.o(.text)
    UART5_IRQHandler                         0x080002cb   Thumb Code     0  startup_stm32h743xx.o(.text)
    UART7_IRQHandler                         0x080002cb   Thumb Code     0  startup_stm32h743xx.o(.text)
    UART8_IRQHandler                         0x080002cb   Thumb Code     0  startup_stm32h743xx.o(.text)
    USART1_IRQHandler                        0x080002cb   Thumb Code     0  startup_stm32h743xx.o(.text)
    USART2_IRQHandler                        0x080002cb   Thumb Code     0  startup_stm32h743xx.o(.text)
    USART3_IRQHandler                        0x080002cb   Thumb Code     0  startup_stm32h743xx.o(.text)
    USART6_IRQHandler                        0x080002cb   Thumb Code     0  startup_stm32h743xx.o(.text)
    WAKEUP_PIN_IRQHandler                    0x080002cb   Thumb Code     0  startup_stm32h743xx.o(.text)
    WWDG_IRQHandler                          0x080002cb   Thumb Code     0  startup_stm32h743xx.o(.text)
    __aeabi_uldivmod                         0x080002d5   Thumb Code    98  uldiv.o(.text)
    ___aeabi_memcpy4$move                    0x08000337   Thumb Code     0  memmovea.o(.text)
    ___aeabi_memcpy8$move                    0x08000337   Thumb Code     0  memmovea.o(.text)
    __aeabi_memcpy                           0x08000337   Thumb Code    64  memmovea.o(.text)
    __aeabi_memmove                          0x08000337   Thumb Code     0  memmovea.o(.text)
    __aeabi_memmove4                         0x08000337   Thumb Code     0  memmovea.o(.text)
    __aeabi_memmove8                         0x08000337   Thumb Code     0  memmovea.o(.text)
    __aeabi_memset                           0x08000377   Thumb Code    14  memseta.o(.text)
    __aeabi_memset4                          0x08000377   Thumb Code     0  memseta.o(.text)
    __aeabi_memset8                          0x08000377   Thumb Code     0  memseta.o(.text)
    __aeabi_memclr                           0x08000385   Thumb Code     4  memseta.o(.text)
    __aeabi_memclr4                          0x08000385   Thumb Code     0  memseta.o(.text)
    __aeabi_memclr8                          0x08000385   Thumb Code     0  memseta.o(.text)
    _memset$wrapper                          0x08000389   Thumb Code    18  memseta.o(.text)
    strlen                                   0x0800039b   Thumb Code    14  strlen.o(.text)
    __aeabi_uidiv                            0x080003a9   Thumb Code     0  uidiv.o(.text)
    __aeabi_uidivmod                         0x080003a9   Thumb Code    44  uidiv.o(.text)
    __aeabi_llsl                             0x080003d5   Thumb Code    30  llshl.o(.text)
    _ll_shift_l                              0x080003d5   Thumb Code     0  llshl.o(.text)
    __aeabi_llsr                             0x080003f3   Thumb Code    32  llushr.o(.text)
    _ll_ushift_r                             0x080003f3   Thumb Code     0  llushr.o(.text)
    __I$use$fp                               0x08000413   Thumb Code     0  iusefp.o(.text)
    __aeabi_dadd                             0x08000413   Thumb Code   322  dadd.o(.text)
    __aeabi_dsub                             0x08000555   Thumb Code     6  dadd.o(.text)
    __aeabi_drsub                            0x0800055b   Thumb Code     6  dadd.o(.text)
    __aeabi_dmul                             0x08000561   Thumb Code   228  dmul.o(.text)
    __aeabi_ddiv                             0x08000645   Thumb Code   222  ddiv.o(.text)
    __aeabi_d2ulz                            0x08000723   Thumb Code    48  dfixul.o(.text)
    __aeabi_cdrcmple                         0x08000755   Thumb Code    48  cdrcmple.o(.text)
    __scatterload                            0x08000785   Thumb Code    28  init.o(.text)
    __scatterload_rt2                        0x08000785   Thumb Code     0  init.o(.text)
    __aeabi_lasr                             0x080007a9   Thumb Code    36  llsshr.o(.text)
    _ll_sshift_r                             0x080007a9   Thumb Code     0  llsshr.o(.text)
    _double_round                            0x080007cd   Thumb Code    30  depilogue.o(.text)
    _double_epilogue                         0x080007eb   Thumb Code   156  depilogue.o(.text)
    __decompress                             0x08000887   Thumb Code     0  __dclz77c.o(.text)
    __decompress2                            0x08000887   Thumb Code    94  __dclz77c.o(.text)
    BusFault_Handler                         0x080008e5   Thumb Code     2  stm32h7xx_it.o(i.BusFault_Handler)
    DebugMon_Handler                         0x080008e7   Thumb Code     2  stm32h7xx_it.o(i.DebugMon_Handler)
    EXTI0_IRQHandler                         0x080008e9   Thumb Code    26  stm32h7xx_it.o(i.EXTI0_IRQHandler)
    EXTI2_IRQHandler                         0x08000903   Thumb Code    26  stm32h7xx_it.o(i.EXTI2_IRQHandler)
    EXTI3_IRQHandler                         0x0800091d   Thumb Code    26  stm32h7xx_it.o(i.EXTI3_IRQHandler)
    EXTI4_IRQHandler                         0x08000937   Thumb Code    26  stm32h7xx_it.o(i.EXTI4_IRQHandler)
    EXTI_Key_Config                          0x08000951   Thumb Code   196  key.o(i.EXTI_Key_Config)
    FMC_NORSRAM_Extended_Timing_Init         0x08000a25   Thumb Code    60  stm32h7xx_ll_fmc.o(i.FMC_NORSRAM_Extended_Timing_Init)
    FMC_NORSRAM_Init                         0x08000a65   Thumb Code   116  stm32h7xx_ll_fmc.o(i.FMC_NORSRAM_Init)
    FMC_NORSRAM_Timing_Init                  0x08000add   Thumb Code    86  stm32h7xx_ll_fmc.o(i.FMC_NORSRAM_Timing_Init)
    GUI_Text                                 0x08000b39   Thumb Code    70  lcd.o(i.GUI_Text)
    GetASCIICode                             0x08000b81   Thumb Code    16  asciilib.o(i.GetASCIICode)
    HAL_Delay                                0x08000b95   Thumb Code    32  stm32h7xx_hal.o(i.HAL_Delay)
    HAL_GPIO_Init                            0x08000bb9   Thumb Code   438  stm32h7xx_hal_gpio.o(i.HAL_GPIO_Init)
    HAL_GPIO_WritePin                        0x08000da1   Thumb Code    10  stm32h7xx_hal_gpio.o(i.HAL_GPIO_WritePin)
    HAL_GetTick                              0x08000dad   Thumb Code     6  stm32h7xx_hal.o(i.HAL_GetTick)
    HAL_I2CEx_ConfigAnalogFilter             0x08000db9   Thumb Code    86  stm32h7xx_hal_i2c_ex.o(i.HAL_I2CEx_ConfigAnalogFilter)
    HAL_I2C_GetState                         0x08000e0f   Thumb Code     6  stm32h7xx_hal_i2c.o(i.HAL_I2C_GetState)
    HAL_I2C_Init                             0x08000e15   Thumb Code   178  stm32h7xx_hal_i2c.o(i.HAL_I2C_Init)
    HAL_I2C_Mem_Read                         0x08000ecd   Thumb Code   358  stm32h7xx_hal_i2c.o(i.HAL_I2C_Mem_Read)
    HAL_I2C_Mem_Write                        0x0800103d   Thumb Code   354  stm32h7xx_hal_i2c.o(i.HAL_I2C_Mem_Write)
    HAL_I2C_MspInit                          0x080011a5   Thumb Code     2  stm32h7xx_hal_i2c.o(i.HAL_I2C_MspInit)
    HAL_IncTick                              0x080011a9   Thumb Code    12  stm32h7xx_hal.o(i.HAL_IncTick)
    HAL_Init                                 0x080011b9   Thumb Code    28  stm32h7xx_hal.o(i.HAL_Init)
    HAL_InitTick                             0x080011d5   Thumb Code    54  stm32h7xx_hal.o(i.HAL_InitTick)
    HAL_MPU_ConfigRegion                     0x08001215   Thumb Code    80  stm32h7xx_hal_cortex.o(i.HAL_MPU_ConfigRegion)
    HAL_MspInit                              0x08001269   Thumb Code   106  stm32h7xx_hal_msp.o(i.HAL_MspInit)
    HAL_NVIC_EnableIRQ                       0x080012d9   Thumb Code    26  stm32h7xx_hal_cortex.o(i.HAL_NVIC_EnableIRQ)
    HAL_NVIC_SetPriority                     0x080012f5   Thumb Code    60  stm32h7xx_hal_cortex.o(i.HAL_NVIC_SetPriority)
    HAL_NVIC_SetPriorityGrouping             0x08001335   Thumb Code    26  stm32h7xx_hal_cortex.o(i.HAL_NVIC_SetPriorityGrouping)
    HAL_RCCEx_GetD1SysClockFreq              0x08001359   Thumb Code    40  stm32h7xx_hal_rcc_ex.o(i.HAL_RCCEx_GetD1SysClockFreq)
    HAL_RCCEx_GetD3PCLK1Freq                 0x0800138d   Thumb Code    34  stm32h7xx_hal_rcc_ex.o(i.HAL_RCCEx_GetD3PCLK1Freq)
    HAL_RCCEx_GetPLL2ClockFreq               0x080013b9   Thumb Code   220  stm32h7xx_hal_rcc_ex.o(i.HAL_RCCEx_GetPLL2ClockFreq)
    HAL_RCCEx_GetPLL3ClockFreq               0x080014b5   Thumb Code   220  stm32h7xx_hal_rcc_ex.o(i.HAL_RCCEx_GetPLL3ClockFreq)
    HAL_RCCEx_PeriphCLKConfig                0x080015b1   Thumb Code  2440  stm32h7xx_hal_rcc_ex.o(i.HAL_RCCEx_PeriphCLKConfig)
    HAL_RCC_ClockConfig                      0x08001f3d   Thumb Code   450  stm32h7xx_hal_rcc.o(i.HAL_RCC_ClockConfig)
    HAL_RCC_GetHCLKFreq                      0x08002115   Thumb Code    38  stm32h7xx_hal_rcc.o(i.HAL_RCC_GetHCLKFreq)
    HAL_RCC_GetPCLK1Freq                     0x08002149   Thumb Code    34  stm32h7xx_hal_rcc.o(i.HAL_RCC_GetPCLK1Freq)
    HAL_RCC_GetPCLK2Freq                     0x08002175   Thumb Code    36  stm32h7xx_hal_rcc.o(i.HAL_RCC_GetPCLK2Freq)
    HAL_RCC_GetSysClockFreq                  0x080021a1   Thumb Code   214  stm32h7xx_hal_rcc.o(i.HAL_RCC_GetSysClockFreq)
    HAL_RCC_OscConfig                        0x08002295   Thumb Code  1176  stm32h7xx_hal_rcc.o(i.HAL_RCC_OscConfig)
    HAL_RTCEx_AlarmBEventCallback            0x0800272d   Thumb Code    26  main.o(i.HAL_RTCEx_AlarmBEventCallback)
    HAL_RTC_AlarmAEventCallback              0x08002751   Thumb Code    26  main.o(i.HAL_RTC_AlarmAEventCallback)
    HAL_RTC_AlarmIRQHandler                  0x08002775   Thumb Code    88  stm32h7xx_hal_rtc.o(i.HAL_RTC_AlarmIRQHandler)
    HAL_RTC_Init                             0x080027cd   Thumb Code   164  stm32h7xx_hal_rtc.o(i.HAL_RTC_Init)
    HAL_RTC_MspInit                          0x08002875   Thumb Code    20  rtc.o(i.HAL_RTC_MspInit)
    HAL_RTC_SetAlarm_IT                      0x08002891   Thumb Code   410  stm32h7xx_hal_rtc.o(i.HAL_RTC_SetAlarm_IT)
    HAL_RTC_SetDate                          0x08002a2d   Thumb Code   212  stm32h7xx_hal_rtc.o(i.HAL_RTC_SetDate)
    HAL_RTC_SetTime                          0x08002b05   Thumb Code   244  stm32h7xx_hal_rtc.o(i.HAL_RTC_SetTime)
    HAL_RTC_WaitForSynchro                   0x08002bfd   Thumb Code    52  stm32h7xx_hal_rtc.o(i.HAL_RTC_WaitForSynchro)
    HAL_SRAM_Init                            0x08002c31   Thumb Code    96  stm32h7xx_hal_sram.o(i.HAL_SRAM_Init)
    HAL_SRAM_MspInit                         0x08002c95   Thumb Code     2  stm32h7xx_hal_sram.o(i.HAL_SRAM_MspInit)
    HAL_SYSTICK_CLKSourceConfig              0x08002c97   Thumb Code    24  stm32h7xx_hal_cortex.o(i.HAL_SYSTICK_CLKSourceConfig)
    HAL_SYSTICK_Config                       0x08002caf   Thumb Code    40  stm32h7xx_hal_cortex.o(i.HAL_SYSTICK_Config)
    HAL_TIMEx_BreakCallback                  0x08002cd7   Thumb Code     2  stm32h7xx_hal_tim_ex.o(i.HAL_TIMEx_BreakCallback)
    HAL_TIMEx_CommutationCallback            0x08002cd9   Thumb Code     2  stm32h7xx_hal_tim_ex.o(i.HAL_TIMEx_CommutationCallback)
    HAL_TIMEx_MasterConfigSynchronization    0x08002cdd   Thumb Code    78  stm32h7xx_hal_tim_ex.o(i.HAL_TIMEx_MasterConfigSynchronization)
    HAL_TIM_Base_Init                        0x08002d35   Thumb Code    54  stm32h7xx_hal_tim.o(i.HAL_TIM_Base_Init)
    HAL_TIM_Base_MspInit                     0x08002d6b   Thumb Code     2  stm32h7xx_hal_tim.o(i.HAL_TIM_Base_MspInit)
    HAL_TIM_Base_Start_IT                    0x08002d6d   Thumb Code    24  stm32h7xx_hal_tim.o(i.HAL_TIM_Base_Start_IT)
    HAL_TIM_IC_CaptureCallback               0x08002d85   Thumb Code     2  stm32h7xx_hal_tim.o(i.HAL_TIM_IC_CaptureCallback)
    HAL_TIM_IRQHandler                       0x08002d87   Thumb Code   384  stm32h7xx_hal_tim.o(i.HAL_TIM_IRQHandler)
    HAL_TIM_MspPostInit                      0x08002f09   Thumb Code    68  tim.o(i.HAL_TIM_MspPostInit)
    HAL_TIM_OC_DelayElapsedCallback          0x08002f59   Thumb Code     2  stm32h7xx_hal_tim.o(i.HAL_TIM_OC_DelayElapsedCallback)
    HAL_TIM_PWM_ConfigChannel                0x08002f5b   Thumb Code   296  stm32h7xx_hal_tim.o(i.HAL_TIM_PWM_ConfigChannel)
    HAL_TIM_PWM_Init                         0x08003083   Thumb Code    54  stm32h7xx_hal_tim.o(i.HAL_TIM_PWM_Init)
    HAL_TIM_PWM_MspInit                      0x080030b9   Thumb Code    30  tim.o(i.HAL_TIM_PWM_MspInit)
    HAL_TIM_PWM_PulseFinishedCallback        0x080030e1   Thumb Code     2  stm32h7xx_hal_tim.o(i.HAL_TIM_PWM_PulseFinishedCallback)
    HAL_TIM_PWM_Start                        0x080030e5   Thumb Code    66  stm32h7xx_hal_tim.o(i.HAL_TIM_PWM_Start)
    HAL_TIM_PeriodElapsedCallback            0x0800313d   Thumb Code    38  bsp_basic_tim.o(i.HAL_TIM_PeriodElapsedCallback)
    HAL_TIM_TriggerCallback                  0x08003171   Thumb Code     2  stm32h7xx_hal_tim.o(i.HAL_TIM_TriggerCallback)
    HAL_UART_Init                            0x08003173   Thumb Code   106  stm32h7xx_hal_uart.o(i.HAL_UART_Init)
    HAL_UART_MspInit                         0x080031dd   Thumb Code    92  usart.o(i.HAL_UART_MspInit)
    HAL_UART_Transmit                        0x08003245   Thumb Code   178  stm32h7xx_hal_uart.o(i.HAL_UART_Transmit)
    HardFault_Handler                        0x080032f7   Thumb Code     2  stm32h7xx_it.o(i.HardFault_Handler)
    I2C_EE_Init                              0x080032f9   Thumb Code    14  i2c.o(i.I2C_EE_Init)
    I2C_Read                                 0x08003465   Thumb Code    28  i2c.o(i.I2C_Read)
    I2C_Write                                0x08003689   Thumb Code    52  i2c.o(i.I2C_Write)
    Key1Callback                             0x080036c1   Thumb Code    22  main.o(i.Key1Callback)
    Key2Callback                             0x080036dd   Thumb Code    22  main.o(i.Key2Callback)
    Key3Callback                             0x080036f9   Thumb Code    76  main.o(i.Key3Callback)
    Key4Callback                             0x0800374d   Thumb Code    56  main.o(i.Key4Callback)
    LCD_Clear                                0x08003789   Thumb Code   154  lcd.o(i.LCD_Clear)
    LCD_Initializtion                        0x08003969   Thumb Code  6068  lcd.o(i.LCD_Initializtion)
    LCD_ReadReg                              0x0800511d   Thumb Code    12  lcd.o(i.LCD_ReadReg)
    LCD_Scan_Dir                             0x0800512d   Thumb Code    70  lcd.o(i.LCD_Scan_Dir)
    LCD_SetPoint                             0x080051ed   Thumb Code    76  lcd.o(i.LCD_SetPoint)
    LCD_Show                                 0x08005241   Thumb Code    62  main.o(i.LCD_Show)
    LCD_WriteReg                             0x08005285   Thumb Code    12  lcd.o(i.LCD_WriteReg)
    MPU_Config                               0x08005295   Thumb Code    96  main.o(i.MPU_Config)
    MX_GPIO_Init                             0x080052fd   Thumb Code   116  main.o(i.MX_GPIO_Init)
    MX_RTC_Init                              0x0800537d   Thumb Code   156  rtc.o(i.MX_RTC_Init)
    MX_Set_Alarm                             0x08005449   Thumb Code    94  main.o(i.MX_Set_Alarm)
    MX_TIM3_Init                             0x080054b1   Thumb Code   140  tim.o(i.MX_TIM3_Init)
    MX_USART1_UART_Init                      0x08005555   Thumb Code    64  usart.o(i.MX_USART1_UART_Init)
    MemManage_Handler                        0x080055ad   Thumb Code     2  stm32h7xx_it.o(i.MemManage_Handler)
    ModifyBrightness                         0x080055b1   Thumb Code    34  main.o(i.ModifyBrightness)
    NMI_Handler                              0x080055dd   Thumb Code     2  stm32h7xx_it.o(i.NMI_Handler)
    PendSV_Handler                           0x08005605   Thumb Code     2  stm32h7xx_it.o(i.PendSV_Handler)
    PutChar                                  0x08005607   Thumb Code    82  lcd.o(i.PutChar)
    RTC_Alarm_IRQHandler                     0x080057e9   Thumb Code    24  stm32h7xx_it.o(i.RTC_Alarm_IRQHandler)
    RTC_Bcd2ToByte                           0x08005805   Thumb Code    18  stm32h7xx_hal_rtc.o(i.RTC_Bcd2ToByte)
    RTC_ByteToBcd2                           0x08005817   Thumb Code    22  stm32h7xx_hal_rtc.o(i.RTC_ByteToBcd2)
    RTC_EnterInitMode                        0x0800582d   Thumb Code    56  stm32h7xx_hal_rtc.o(i.RTC_EnterInitMode)
    SVC_Handler                              0x08005865   Thumb Code     2  stm32h7xx_it.o(i.SVC_Handler)
    SysTick_Handler                          0x08005867   Thumb Code     4  stm32h7xx_it.o(i.SysTick_Handler)
    SystemClock_Config                       0x0800586d   Thumb Code   196  main.o(i.SystemClock_Config)
    SystemInit                               0x08005939   Thumb Code   116  system_stm32h7xx.o(i.SystemInit)
    TIM6_DAC_IRQHandler                      0x080059bd   Thumb Code     6  stm32h7xx_it.o(i.TIM6_DAC_IRQHandler)
    TIM_Base_SetConfig                       0x080059c9   Thumb Code   160  stm32h7xx_hal_tim.o(i.TIM_Base_SetConfig)
    TIM_Basic_Init                           0x08005a89   Thumb Code    68  bsp_basic_tim.o(i.TIM_Basic_Init)
    TIM_CCxChannelCmd                        0x08005ad9   Thumb Code    22  stm32h7xx_hal_tim.o(i.TIM_CCxChannelCmd)
    TIM_OC1_SetConfig                        0x08005af1   Thumb Code   132  stm32h7xx_hal_tim.o(i.TIM_OC1_SetConfig)
    TIM_OC2_SetConfig                        0x08005b8d   Thumb Code   120  stm32h7xx_hal_tim.o(i.TIM_OC2_SetConfig)
    TIM_OC3_SetConfig                        0x08005c1d   Thumb Code   114  stm32h7xx_hal_tim.o(i.TIM_OC3_SetConfig)
    TIM_OC4_SetConfig                        0x08005ca5   Thumb Code    88  stm32h7xx_hal_tim.o(i.TIM_OC4_SetConfig)
    UART_AdvFeatureConfig                    0x08005de9   Thumb Code   200  stm32h7xx_hal_uart.o(i.UART_AdvFeatureConfig)
    UART_CheckIdleState                      0x08005eb1   Thumb Code    92  stm32h7xx_hal_uart.o(i.UART_CheckIdleState)
    UART_SetConfig                           0x08005f0d   Thumb Code  1186  stm32h7xx_hal_uart.o(i.UART_SetConfig)
    UART_WaitOnFlagUntilTimeout              0x080063b5   Thumb Code    98  stm32h7xx_hal_uart.o(i.UART_WaitOnFlagUntilTimeout)
    UsageFault_Handler                       0x08006417   Thumb Code     2  stm32h7xx_it.o(i.UsageFault_Handler)
    _Error_Handler                           0x08006419   Thumb Code     2  main.o(i._Error_Handler)
    __0printf                                0x0800641d   Thumb Code    22  printfa.o(i.__0printf)
    __1printf                                0x0800641d   Thumb Code     0  printfa.o(i.__0printf)
    __2printf                                0x0800641d   Thumb Code     0  printfa.o(i.__0printf)
    __c89printf                              0x0800641d   Thumb Code     0  printfa.o(i.__0printf)
    printf                                   0x0800641d   Thumb Code     0  printfa.o(i.__0printf)
    __0sprintf                               0x0800643d   Thumb Code    34  printfa.o(i.__0sprintf)
    __1sprintf                               0x0800643d   Thumb Code     0  printfa.o(i.__0sprintf)
    __2sprintf                               0x0800643d   Thumb Code     0  printfa.o(i.__0sprintf)
    __c89sprintf                             0x0800643d   Thumb Code     0  printfa.o(i.__0sprintf)
    sprintf                                  0x0800643d   Thumb Code     0  printfa.o(i.__0sprintf)
    __scatterload_copy                       0x08006485   Thumb Code    14  handlers.o(i.__scatterload_copy)
    __scatterload_null                       0x08006493   Thumb Code     2  handlers.o(i.__scatterload_null)
    __scatterload_zeroinit                   0x08006495   Thumb Code    14  handlers.o(i.__scatterload_zeroinit)
    fputc                                    0x08006d39   Thumb Code    20  usart.o(i.fputc)
    initISL29023                             0x08006d51   Thumb Code    44  main.o(i.initISL29023)
    main                                     0x08006d7d   Thumb Code   174  main.o(i.main)
    readLux                                  0x08006e95   Thumb Code    68  main.o(i.readLux)
    readtemp                                 0x08006ee1   Thumb Code    44  main.o(i.readtemp)
    D1CorePrescTable                         0x08007514   Data          16  system_stm32h7xx.o(.constdata)
    Region$$Table$$Base                      0x08007524   Number         0  anon$$obj.o(Region$$Table)
    Region$$Table$$Limit                     0x08007544   Number         0  anon$$obj.o(Region$$Table)
    mode                                     0x24000000   Data           1  main.o(.data)
    sensor                                   0x24000001   Data           1  main.o(.data)
    led_brightness                           0x24000002   Data           2  main.o(.data)
    str                                      0x24000004   Data         495  main.o(.data)
    DeviceCode                               0x240001f6   Data           2  lcd.o(.data)
    SystemCoreClock                          0x24000208   Data           4  system_stm32h7xx.o(.data)
    SystemD2Clock                            0x2400020c   Data           4  system_stm32h7xx.o(.data)
    __stdout                                 0x24000210   Data           4  stdout.o(.data)
    salarmstructure                          0x24000214   Data          40  main.o(.bss)
    SRAM_Handler                             0x2400023c   Data          76  lcd.o(.bss)
    htim3                                    0x24000288   Data          64  tim.o(.bss)
    I2C_Handle                               0x240002c8   Data          76  i2c.o(.bss)
    huart1                                   0x24000314   Data         128  usart.o(.bss)
    TIM_Base                                 0x24000394   Data          64  bsp_basic_tim.o(.bss)
    hrtc                                     0x240003d4   Data          36  rtc.o(.bss)
    __initial_sp                             0x240007f8   Data           0  startup_stm32h743xx.o(STACK)



==============================================================================

Memory Map of the image

  Image Entry point : 0x08000299

  Load Region LR_IROM1 (Base: 0x08000000, Size: 0x00007758, Max: 0x00100000, ABSOLUTE, COMPRESSED[0x00007608])

    Execution Region ER_IROM1 (Exec base: 0x08000000, Load base: 0x08000000, Size: 0x00007544, Max: 0x00100000, ABSOLUTE)

    Exec Addr    Load Addr    Size         Type   Attr      Idx    E Section Name        Object

    0x08000000   0x08000000   0x00000298   Data   RO            3    RESET               startup_stm32h743xx.o
    0x08000298   0x08000298   0x00000000   Code   RO          798  * .ARM.Collect$$$$00000000  mc_w.l(entry.o)
    0x08000298   0x08000298   0x00000004   Code   RO          939    .ARM.Collect$$$$00000001  mc_w.l(entry2.o)
    0x0800029c   0x0800029c   0x00000004   Code   RO          942    .ARM.Collect$$$$00000004  mc_w.l(entry5.o)
    0x080002a0   0x080002a0   0x00000000   Code   RO          944    .ARM.Collect$$$$00000008  mc_w.l(entry7b.o)
    0x080002a0   0x080002a0   0x00000000   Code   RO          946    .ARM.Collect$$$$0000000A  mc_w.l(entry8b.o)
    0x080002a0   0x080002a0   0x00000008   Code   RO          947    .ARM.Collect$$$$0000000B  mc_w.l(entry9a.o)
    0x080002a8   0x080002a8   0x00000004   Code   RO          954    .ARM.Collect$$$$0000000E  mc_w.l(entry12b.o)
    0x080002ac   0x080002ac   0x00000000   Code   RO          949    .ARM.Collect$$$$0000000F  mc_w.l(entry10a.o)
    0x080002ac   0x080002ac   0x00000000   Code   RO          951    .ARM.Collect$$$$00000011  mc_w.l(entry11a.o)
    0x080002ac   0x080002ac   0x00000004   Code   RO          940    .ARM.Collect$$$$00002712  mc_w.l(entry2.o)
    0x080002b0   0x080002b0   0x00000024   Code   RO            4    .text               startup_stm32h743xx.o
    0x080002d4   0x080002d4   0x00000062   Code   RO          801    .text               mc_w.l(uldiv.o)
    0x08000336   0x08000336   0x00000040   Code   RO          803    .text               mc_w.l(memmovea.o)
    0x08000376   0x08000376   0x00000024   Code   RO          804    .text               mc_w.l(memseta.o)
    0x0800039a   0x0800039a   0x0000000e   Code   RO          805    .text               mc_w.l(strlen.o)
    0x080003a8   0x080003a8   0x0000002c   Code   RO          956    .text               mc_w.l(uidiv.o)
    0x080003d4   0x080003d4   0x0000001e   Code   RO          957    .text               mc_w.l(llshl.o)
    0x080003f2   0x080003f2   0x00000020   Code   RO          958    .text               mc_w.l(llushr.o)
    0x08000412   0x08000412   0x00000000   Code   RO          959    .text               mc_w.l(iusefp.o)
    0x08000412   0x08000412   0x0000014e   Code   RO          960    .text               mf_w.l(dadd.o)
    0x08000560   0x08000560   0x000000e4   Code   RO          961    .text               mf_w.l(dmul.o)
    0x08000644   0x08000644   0x000000de   Code   RO          962    .text               mf_w.l(ddiv.o)
    0x08000722   0x08000722   0x00000030   Code   RO          963    .text               mf_w.l(dfixul.o)
    0x08000752   0x08000752   0x00000002   PAD
    0x08000754   0x08000754   0x00000030   Code   RO          964    .text               mf_w.l(cdrcmple.o)
    0x08000784   0x08000784   0x00000024   Code   RO          965    .text               mc_w.l(init.o)
    0x080007a8   0x080007a8   0x00000024   Code   RO          966    .text               mc_w.l(llsshr.o)
    0x080007cc   0x080007cc   0x000000ba   Code   RO          967    .text               mf_w.l(depilogue.o)
    0x08000886   0x08000886   0x0000005e   Code   RO          973    .text               mc_w.l(__dclz77c.o)
    0x080008e4   0x080008e4   0x00000002   Code   RO           35    i.BusFault_Handler  stm32h7xx_it.o
    0x080008e6   0x080008e6   0x00000002   Code   RO           36    i.DebugMon_Handler  stm32h7xx_it.o
    0x080008e8   0x080008e8   0x0000001a   Code   RO           37    i.EXTI0_IRQHandler  stm32h7xx_it.o
    0x08000902   0x08000902   0x0000001a   Code   RO           38    i.EXTI2_IRQHandler  stm32h7xx_it.o
    0x0800091c   0x0800091c   0x0000001a   Code   RO           39    i.EXTI3_IRQHandler  stm32h7xx_it.o
    0x08000936   0x08000936   0x0000001a   Code   RO           40    i.EXTI4_IRQHandler  stm32h7xx_it.o
    0x08000950   0x08000950   0x000000d4   Code   RO          113    i.EXTI_Key_Config   key.o
    0x08000a24   0x08000a24   0x00000040   Code   RO          668    i.FMC_NORSRAM_Extended_Timing_Init  stm32h7xx_ll_fmc.o
    0x08000a64   0x08000a64   0x00000078   Code   RO          669    i.FMC_NORSRAM_Init  stm32h7xx_ll_fmc.o
    0x08000adc   0x08000adc   0x0000005c   Code   RO          670    i.FMC_NORSRAM_Timing_Init  stm32h7xx_ll_fmc.o
    0x08000b38   0x08000b38   0x00000046   Code   RO           65    i.GUI_Text          lcd.o
    0x08000b7e   0x08000b7e   0x00000002   PAD
    0x08000b80   0x08000b80   0x00000014   Code   RO           54    i.GetASCIICode      asciilib.o
    0x08000b94   0x08000b94   0x00000024   Code   RO          439    i.HAL_Delay         stm32h7xx_hal.o
    0x08000bb8   0x08000bb8   0x000001e8   Code   RO          362    i.HAL_GPIO_Init     stm32h7xx_hal_gpio.o
    0x08000da0   0x08000da0   0x0000000a   Code   RO          366    i.HAL_GPIO_WritePin  stm32h7xx_hal_gpio.o
    0x08000daa   0x08000daa   0x00000002   PAD
    0x08000dac   0x08000dac   0x0000000c   Code   RO          455    i.HAL_GetTick       stm32h7xx_hal.o
    0x08000db8   0x08000db8   0x00000056   Code   RO          561    i.HAL_I2CEx_ConfigAnalogFilter  stm32h7xx_hal_i2c_ex.o
    0x08000e0e   0x08000e0e   0x00000006   Code   RO          495    i.HAL_I2C_GetState  stm32h7xx_hal_i2c.o
    0x08000e14   0x08000e14   0x000000b8   Code   RO          496    i.HAL_I2C_Init      stm32h7xx_hal_i2c.o
    0x08000ecc   0x08000ecc   0x00000170   Code   RO          512    i.HAL_I2C_Mem_Read  stm32h7xx_hal_i2c.o
    0x0800103c   0x0800103c   0x00000168   Code   RO          515    i.HAL_I2C_Mem_Write  stm32h7xx_hal_i2c.o
    0x080011a4   0x080011a4   0x00000002   Code   RO          519    i.HAL_I2C_MspInit   stm32h7xx_hal_i2c.o
    0x080011a6   0x080011a6   0x00000002   PAD
    0x080011a8   0x080011a8   0x00000010   Code   RO          458    i.HAL_IncTick       stm32h7xx_hal.o
    0x080011b8   0x080011b8   0x0000001c   Code   RO          459    i.HAL_Init          stm32h7xx_hal.o
    0x080011d4   0x080011d4   0x00000040   Code   RO          460    i.HAL_InitTick      stm32h7xx_hal.o
    0x08001214   0x08001214   0x00000054   Code   RO          143    i.HAL_MPU_ConfigRegion  stm32h7xx_hal_cortex.o
    0x08001268   0x08001268   0x00000070   Code   RO           53    i.HAL_MspInit       stm32h7xx_hal_msp.o
    0x080012d8   0x080012d8   0x0000001a   Code   RO          146    i.HAL_NVIC_EnableIRQ  stm32h7xx_hal_cortex.o
    0x080012f2   0x080012f2   0x00000002   PAD
    0x080012f4   0x080012f4   0x00000040   Code   RO          152    i.HAL_NVIC_SetPriority  stm32h7xx_hal_cortex.o
    0x08001334   0x08001334   0x00000024   Code   RO          153    i.HAL_NVIC_SetPriorityGrouping  stm32h7xx_hal_cortex.o
    0x08001358   0x08001358   0x00000034   Code   RO          343    i.HAL_RCCEx_GetD1SysClockFreq  stm32h7xx_hal_rcc_ex.o
    0x0800138c   0x0800138c   0x0000002c   Code   RO          344    i.HAL_RCCEx_GetD3PCLK1Freq  stm32h7xx_hal_rcc_ex.o
    0x080013b8   0x080013b8   0x000000fc   Code   RO          346    i.HAL_RCCEx_GetPLL2ClockFreq  stm32h7xx_hal_rcc_ex.o
    0x080014b4   0x080014b4   0x000000fc   Code   RO          347    i.HAL_RCCEx_GetPLL3ClockFreq  stm32h7xx_hal_rcc_ex.o
    0x080015b0   0x080015b0   0x0000098c   Code   RO          351    i.HAL_RCCEx_PeriphCLKConfig  stm32h7xx_hal_rcc_ex.o
    0x08001f3c   0x08001f3c   0x000001d8   Code   RO          316    i.HAL_RCC_ClockConfig  stm32h7xx_hal_rcc.o
    0x08002114   0x08002114   0x00000034   Code   RO          320    i.HAL_RCC_GetHCLKFreq  stm32h7xx_hal_rcc.o
    0x08002148   0x08002148   0x0000002c   Code   RO          322    i.HAL_RCC_GetPCLK1Freq  stm32h7xx_hal_rcc.o
    0x08002174   0x08002174   0x0000002c   Code   RO          323    i.HAL_RCC_GetPCLK2Freq  stm32h7xx_hal_rcc.o
    0x080021a0   0x080021a0   0x000000f4   Code   RO          324    i.HAL_RCC_GetSysClockFreq  stm32h7xx_hal_rcc.o
    0x08002294   0x08002294   0x00000498   Code   RO          327    i.HAL_RCC_OscConfig  stm32h7xx_hal_rcc.o
    0x0800272c   0x0800272c   0x00000024   Code   RO            8    i.HAL_RTCEx_AlarmBEventCallback  main.o
    0x08002750   0x08002750   0x00000024   Code   RO            9    i.HAL_RTC_AlarmAEventCallback  main.o
    0x08002774   0x08002774   0x00000058   Code   RO          686    i.HAL_RTC_AlarmIRQHandler  stm32h7xx_hal_rtc.o
    0x080027cc   0x080027cc   0x000000a8   Code   RO          693    i.HAL_RTC_Init      stm32h7xx_hal_rtc.o
    0x08002874   0x08002874   0x0000001c   Code   RO          136    i.HAL_RTC_MspInit   rtc.o
    0x08002890   0x08002890   0x0000019a   Code   RO          698    i.HAL_RTC_SetAlarm_IT  stm32h7xx_hal_rtc.o
    0x08002a2a   0x08002a2a   0x00000002   PAD
    0x08002a2c   0x08002a2c   0x000000d8   Code   RO          699    i.HAL_RTC_SetDate   stm32h7xx_hal_rtc.o
    0x08002b04   0x08002b04   0x000000f8   Code   RO          700    i.HAL_RTC_SetTime   stm32h7xx_hal_rtc.o
    0x08002bfc   0x08002bfc   0x00000034   Code   RO          701    i.HAL_RTC_WaitForSynchro  stm32h7xx_hal_rtc.o
    0x08002c30   0x08002c30   0x00000064   Code   RO          644    i.HAL_SRAM_Init     stm32h7xx_hal_sram.o
    0x08002c94   0x08002c94   0x00000002   Code   RO          646    i.HAL_SRAM_MspInit  stm32h7xx_hal_sram.o
    0x08002c96   0x08002c96   0x00000018   Code   RO          155    i.HAL_SYSTICK_CLKSourceConfig  stm32h7xx_hal_cortex.o
    0x08002cae   0x08002cae   0x00000028   Code   RO          157    i.HAL_SYSTICK_Config  stm32h7xx_hal_cortex.o
    0x08002cd6   0x08002cd6   0x00000002   Code   RO          272    i.HAL_TIMEx_BreakCallback  stm32h7xx_hal_tim_ex.o
    0x08002cd8   0x08002cd8   0x00000002   Code   RO          273    i.HAL_TIMEx_CommutationCallback  stm32h7xx_hal_tim_ex.o
    0x08002cda   0x08002cda   0x00000002   PAD
    0x08002cdc   0x08002cdc   0x00000058   Code   RO          291    i.HAL_TIMEx_MasterConfigSynchronization  stm32h7xx_hal_tim_ex.o
    0x08002d34   0x08002d34   0x00000036   Code   RO          165    i.HAL_TIM_Base_Init  stm32h7xx_hal_tim.o
    0x08002d6a   0x08002d6a   0x00000002   Code   RO          167    i.HAL_TIM_Base_MspInit  stm32h7xx_hal_tim.o
    0x08002d6c   0x08002d6c   0x00000018   Code   RO          170    i.HAL_TIM_Base_Start_IT  stm32h7xx_hal_tim.o
    0x08002d84   0x08002d84   0x00000002   Code   RO          194    i.HAL_TIM_IC_CaptureCallback  stm32h7xx_hal_tim.o
    0x08002d86   0x08002d86   0x00000180   Code   RO          207    i.HAL_TIM_IRQHandler  stm32h7xx_hal_tim.o
    0x08002f06   0x08002f06   0x00000002   PAD
    0x08002f08   0x08002f08   0x00000050   Code   RO           92    i.HAL_TIM_MspPostInit  tim.o
    0x08002f58   0x08002f58   0x00000002   Code   RO          210    i.HAL_TIM_OC_DelayElapsedCallback  stm32h7xx_hal_tim.o
    0x08002f5a   0x08002f5a   0x00000128   Code   RO          231    i.HAL_TIM_PWM_ConfigChannel  stm32h7xx_hal_tim.o
    0x08003082   0x08003082   0x00000036   Code   RO          234    i.HAL_TIM_PWM_Init  stm32h7xx_hal_tim.o
    0x080030b8   0x080030b8   0x00000028   Code   RO           94    i.HAL_TIM_PWM_MspInit  tim.o
    0x080030e0   0x080030e0   0x00000002   Code   RO          237    i.HAL_TIM_PWM_PulseFinishedCallback  stm32h7xx_hal_tim.o
    0x080030e2   0x080030e2   0x00000002   PAD
    0x080030e4   0x080030e4   0x00000058   Code   RO          238    i.HAL_TIM_PWM_Start  stm32h7xx_hal_tim.o
    0x0800313c   0x0800313c   0x00000034   Code   RO          128    i.HAL_TIM_PeriodElapsedCallback  bsp_basic_tim.o
    0x08003170   0x08003170   0x00000002   Code   RO          248    i.HAL_TIM_TriggerCallback  stm32h7xx_hal_tim.o
    0x08003172   0x08003172   0x0000006a   Code   RO          596    i.HAL_UART_Init     stm32h7xx_hal_uart.o
    0x080031dc   0x080031dc   0x00000068   Code   RO          121    i.HAL_UART_MspInit  usart.o
    0x08003244   0x08003244   0x000000b2   Code   RO          604    i.HAL_UART_Transmit  stm32h7xx_hal_uart.o
    0x080032f6   0x080032f6   0x00000002   Code   RO           41    i.HardFault_Handler  stm32h7xx_it.o
    0x080032f8   0x080032f8   0x0000000e   Code   RO          103    i.I2C_EE_Init       i2c.o
    0x08003306   0x08003306   0x00000022   Code   RO          538    i.I2C_Flush_TXDR    stm32h7xx_hal_i2c.o
    0x08003328   0x08003328   0x00000084   Code   RO          105    i.I2C_GPIO_Config   i2c.o
    0x080033ac   0x080033ac   0x0000007c   Code   RO          546    i.I2C_IsAcknowledgeFailed  stm32h7xx_hal_i2c.o
    0x08003428   0x08003428   0x0000003c   Code   RO          106    i.I2C_Mode_Config   i2c.o
    0x08003464   0x08003464   0x00000020   Code   RO          107    i.I2C_Read          i2c.o
    0x08003484   0x08003484   0x00000070   Code   RO          549    i.I2C_RequestMemoryRead  stm32h7xx_hal_i2c.o
    0x080034f4   0x080034f4   0x00000070   Code   RO          550    i.I2C_RequestMemoryWrite  stm32h7xx_hal_i2c.o
    0x08003564   0x08003564   0x0000002c   Code   RO          553    i.I2C_TransferConfig  stm32h7xx_hal_i2c.o
    0x08003590   0x08003590   0x00000052   Code   RO          554    i.I2C_WaitOnFlagUntilTimeout  stm32h7xx_hal_i2c.o
    0x080035e2   0x080035e2   0x00000050   Code   RO          556    i.I2C_WaitOnSTOPFlagUntilTimeout  stm32h7xx_hal_i2c.o
    0x08003632   0x08003632   0x00000054   Code   RO          557    i.I2C_WaitOnTXISFlagUntilTimeout  stm32h7xx_hal_i2c.o
    0x08003686   0x08003686   0x00000002   PAD
    0x08003688   0x08003688   0x00000038   Code   RO          108    i.I2C_Write         i2c.o
    0x080036c0   0x080036c0   0x0000001c   Code   RO           10    i.Key1Callback      main.o
    0x080036dc   0x080036dc   0x0000001c   Code   RO           11    i.Key2Callback      main.o
    0x080036f8   0x080036f8   0x00000054   Code   RO           12    i.Key3Callback      main.o
    0x0800374c   0x0800374c   0x0000003c   Code   RO           13    i.Key4Callback      main.o
    0x08003788   0x08003788   0x000000a4   Code   RO           66    i.LCD_Clear         lcd.o
    0x0800382c   0x0800382c   0x000000c8   Code   RO           67    i.LCD_CtrlLinesConfig  lcd.o
    0x080038f4   0x080038f4   0x00000074   Code   RO           71    i.LCD_FSMCConfig    lcd.o
    0x08003968   0x08003968   0x000017b4   Code   RO           73    i.LCD_Initializtion  lcd.o
    0x0800511c   0x0800511c   0x00000010   Code   RO           75    i.LCD_ReadReg       lcd.o
    0x0800512c   0x0800512c   0x00000054   Code   RO           76    i.LCD_Scan_Dir      lcd.o
    0x08005180   0x08005180   0x0000006c   Code   RO           77    i.LCD_SetCursor     lcd.o
    0x080051ec   0x080051ec   0x00000054   Code   RO           78    i.LCD_SetPoint      lcd.o
    0x08005240   0x08005240   0x00000044   Code   RO           14    i.LCD_Show          main.o
    0x08005284   0x08005284   0x00000010   Code   RO           83    i.LCD_WriteReg      lcd.o
    0x08005294   0x08005294   0x00000068   Code   RO           15    i.MPU_Config        main.o
    0x080052fc   0x080052fc   0x00000080   Code   RO           16    i.MX_GPIO_Init      main.o
    0x0800537c   0x0800537c   0x000000cc   Code   RO          137    i.MX_RTC_Init       rtc.o
    0x08005448   0x08005448   0x00000068   Code   RO           17    i.MX_Set_Alarm      main.o
    0x080054b0   0x080054b0   0x000000a4   Code   RO           95    i.MX_TIM3_Init      tim.o
    0x08005554   0x08005554   0x00000058   Code   RO          122    i.MX_USART1_UART_Init  usart.o
    0x080055ac   0x080055ac   0x00000002   Code   RO           42    i.MemManage_Handler  stm32h7xx_it.o
    0x080055ae   0x080055ae   0x00000002   PAD
    0x080055b0   0x080055b0   0x0000002c   Code   RO           18    i.ModifyBrightness  main.o
    0x080055dc   0x080055dc   0x00000002   Code   RO           43    i.NMI_Handler       stm32h7xx_it.o
    0x080055de   0x080055de   0x00000002   PAD
    0x080055e0   0x080055e0   0x00000024   Code   RO           19    i.NVIC_SystemReset  main.o
    0x08005604   0x08005604   0x00000002   Code   RO           44    i.PendSV_Handler    stm32h7xx_it.o
    0x08005606   0x08005606   0x00000052   Code   RO           84    i.PutChar           lcd.o
    0x08005658   0x08005658   0x000000c8   Code   RO          354    i.RCCEx_PLL2_Config  stm32h7xx_hal_rcc_ex.o
    0x08005720   0x08005720   0x000000c8   Code   RO          355    i.RCCEx_PLL3_Config  stm32h7xx_hal_rcc_ex.o
    0x080057e8   0x080057e8   0x0000001c   Code   RO           45    i.RTC_Alarm_IRQHandler  stm32h7xx_it.o
    0x08005804   0x08005804   0x00000012   Code   RO          702    i.RTC_Bcd2ToByte    stm32h7xx_hal_rtc.o
    0x08005816   0x08005816   0x00000016   Code   RO          703    i.RTC_ByteToBcd2    stm32h7xx_hal_rtc.o
    0x0800582c   0x0800582c   0x00000038   Code   RO          704    i.RTC_EnterInitMode  stm32h7xx_hal_rtc.o
    0x08005864   0x08005864   0x00000002   Code   RO           46    i.SVC_Handler       stm32h7xx_it.o
    0x08005866   0x08005866   0x00000004   Code   RO           47    i.SysTick_Handler   stm32h7xx_it.o
    0x0800586a   0x0800586a   0x00000002   PAD
    0x0800586c   0x0800586c   0x000000cc   Code   RO           20    i.SystemClock_Config  main.o
    0x08005938   0x08005938   0x00000084   Code   RO          794    i.SystemInit        system_stm32h7xx.o
    0x080059bc   0x080059bc   0x0000000c   Code   RO           48    i.TIM6_DAC_IRQHandler  stm32h7xx_it.o
    0x080059c8   0x080059c8   0x000000c0   Code   RO          249    i.TIM_Base_SetConfig  stm32h7xx_hal_tim.o
    0x08005a88   0x08005a88   0x00000050   Code   RO          129    i.TIM_Basic_Init    bsp_basic_tim.o
    0x08005ad8   0x08005ad8   0x00000016   Code   RO          250    i.TIM_CCxChannelCmd  stm32h7xx_hal_tim.o
    0x08005aee   0x08005aee   0x00000002   PAD
    0x08005af0   0x08005af0   0x0000009c   Code   RO          258    i.TIM_OC1_SetConfig  stm32h7xx_hal_tim.o
    0x08005b8c   0x08005b8c   0x00000090   Code   RO          259    i.TIM_OC2_SetConfig  stm32h7xx_hal_tim.o
    0x08005c1c   0x08005c1c   0x00000088   Code   RO          260    i.TIM_OC3_SetConfig  stm32h7xx_hal_tim.o
    0x08005ca4   0x08005ca4   0x0000006c   Code   RO          261    i.TIM_OC4_SetConfig  stm32h7xx_hal_tim.o
    0x08005d10   0x08005d10   0x0000006c   Code   RO          262    i.TIM_OC5_SetConfig  stm32h7xx_hal_tim.o
    0x08005d7c   0x08005d7c   0x0000006c   Code   RO          263    i.TIM_OC6_SetConfig  stm32h7xx_hal_tim.o
    0x08005de8   0x08005de8   0x000000c8   Code   RO          609    i.UART_AdvFeatureConfig  stm32h7xx_hal_uart.o
    0x08005eb0   0x08005eb0   0x0000005c   Code   RO          610    i.UART_CheckIdleState  stm32h7xx_hal_uart.o
    0x08005f0c   0x08005f0c   0x000004a8   Code   RO          624    i.UART_SetConfig    stm32h7xx_hal_uart.o
    0x080063b4   0x080063b4   0x00000062   Code   RO          626    i.UART_WaitOnFlagUntilTimeout  stm32h7xx_hal_uart.o
    0x08006416   0x08006416   0x00000002   Code   RO           49    i.UsageFault_Handler  stm32h7xx_it.o
    0x08006418   0x08006418   0x00000002   Code   RO           21    i._Error_Handler    main.o
    0x0800641a   0x0800641a   0x00000002   PAD
    0x0800641c   0x0800641c   0x00000020   Code   RO          925    i.__0printf         mc_w.l(printfa.o)
    0x0800643c   0x0800643c   0x00000028   Code   RO          927    i.__0sprintf        mc_w.l(printfa.o)
    0x08006464   0x08006464   0x00000020   Code   RO          159    i.__NVIC_SetPriority  stm32h7xx_hal_cortex.o
    0x08006484   0x08006484   0x0000000e   Code   RO          970    i.__scatterload_copy  mc_w.l(handlers.o)
    0x08006492   0x08006492   0x00000002   Code   RO          971    i.__scatterload_null  mc_w.l(handlers.o)
    0x08006494   0x08006494   0x0000000e   Code   RO          972    i.__scatterload_zeroinit  mc_w.l(handlers.o)
    0x080064a2   0x080064a2   0x00000002   PAD
    0x080064a4   0x080064a4   0x00000184   Code   RO          932    i._fp_digits        mc_w.l(printfa.o)
    0x08006628   0x08006628   0x000006b4   Code   RO          933    i._printf_core      mc_w.l(printfa.o)
    0x08006cdc   0x08006cdc   0x00000024   Code   RO          934    i._printf_post_padding  mc_w.l(printfa.o)
    0x08006d00   0x08006d00   0x0000002e   Code   RO          935    i._printf_pre_padding  mc_w.l(printfa.o)
    0x08006d2e   0x08006d2e   0x0000000a   Code   RO          937    i._sputc            mc_w.l(printfa.o)
    0x08006d38   0x08006d38   0x00000018   Code   RO          123    i.fputc             usart.o
    0x08006d50   0x08006d50   0x0000002c   Code   RO           22    i.initISL29023      main.o
    0x08006d7c   0x08006d7c   0x00000118   Code   RO           23    i.main              main.o
    0x08006e94   0x08006e94   0x0000004c   Code   RO           24    i.readLux           main.o
    0x08006ee0   0x08006ee0   0x0000002c   Code   RO           25    i.readtemp          main.o
    0x08006f0c   0x08006f0c   0x000005f0   Data   RO           55    .constdata          asciilib.o
    0x080074fc   0x080074fc   0x00000018   Data   RO          627    .constdata          stm32h7xx_hal_uart.o
    0x08007514   0x08007514   0x00000010   Data   RO          795    .constdata          system_stm32h7xx.o
    0x08007524   0x08007524   0x00000020   Data   RO          968    Region$$Table       anon$$obj.o


    Execution Region RW_IRAM1 (Exec base: 0x20000000, Load base: 0x08007544, Size: 0x00000000, Max: 0x00020000, ABSOLUTE)

    **** No section assigned to this execution region ****


    Execution Region RW_IRAM2 (Exec base: 0x24000000, Load base: 0x08007544, Size: 0x000007f8, Max: 0x00050000, ABSOLUTE, COMPRESSED[0x000000c4])

    Exec Addr    Load Addr    Size         Type   Attr      Idx    E Section Name        Object

    0x24000000   COMPRESSED   0x000001f3   Data   RW           31    .data               main.o
    0x240001f3   COMPRESSED   0x00000001   PAD
    0x240001f4   COMPRESSED   0x00000004   Data   RW           87    .data               lcd.o
    0x240001f8   COMPRESSED   0x00000002   Data   RW          131    .data               bsp_basic_tim.o
    0x240001fa   COMPRESSED   0x00000002   PAD
    0x240001fc   COMPRESSED   0x0000000c   Data   RW          481    .data               stm32h7xx_hal.o
    0x24000208   COMPRESSED   0x00000004   Data   RW          796    .data               system_stm32h7xx.o
    0x2400020c   COMPRESSED   0x00000004   Data   RW          797    .data               system_stm32h7xx.o
    0x24000210   COMPRESSED   0x00000004   Data   RW          955    .data               mc_w.l(stdout.o)
    0x24000214        -       0x00000028   Zero   RW           26    .bss                main.o
    0x2400023c        -       0x0000004c   Zero   RW           86    .bss                lcd.o
    0x24000288        -       0x00000040   Zero   RW           96    .bss                tim.o
    0x240002c8        -       0x0000004c   Zero   RW          109    .bss                i2c.o
    0x24000314        -       0x00000080   Zero   RW          124    .bss                usart.o
    0x24000394        -       0x00000040   Zero   RW          130    .bss                bsp_basic_tim.o
    0x240003d4        -       0x00000024   Zero   RW          138    .bss                rtc.o
    0x240003f8        -       0x00000400   Zero   RW            1    STACK               startup_stm32h743xx.o


==============================================================================

Image component sizes


      Code (inc. data)   RO Data    RW Data    ZI Data      Debug   Object Name

        20          4       1520          0          0          0   asciilib.o
       132         26          0          2         64          0   bsp_basic_tim.o
       294         30          0          0         76          0   i2c.o
       212         16          0          0          0          0   key.o
      7008        118          0          4         76          0   lcd.o
      1406        222          0        499         40          0   main.o
       232         56          0          0         36          0   rtc.o
        36          8        664          0       1024          0   startup_stm32h743xx.o
       156         24          0         12          0          0   stm32h7xx_hal.o
       306         18          0          0          0          0   stm32h7xx_hal_cortex.o
       498         50          0          0          0          0   stm32h7xx_hal_gpio.o
      1592         38          0          0          0          0   stm32h7xx_hal_i2c.o
        86          0          0          0          0          0   stm32h7xx_hal_i2c_ex.o
       112          6          0          0          0          0   stm32h7xx_hal_msp.o
      2032        104          0          0          0          0   stm32h7xx_hal_rcc.o
      3444        146          0          0          0          0   stm32h7xx_hal_rcc_ex.o
      1278         12          0          0          0          0   stm32h7xx_hal_rtc.o
       102          4          0          0          0          0   stm32h7xx_hal_sram.o
      1884        186          0          0          0          0   stm32h7xx_hal_tim.o
        92         10          0          0          0          0   stm32h7xx_hal_tim_ex.o
      1866        112         24          0          0          0   stm32h7xx_hal_uart.o
       164         10          0          0          0          0   stm32h7xx_it.o
       276         14          0          0          0          0   stm32h7xx_ll_fmc.o
       132         16         16          8          0          0   system_stm32h7xx.o
       284         46          0          0         64          0   tim.o
       216         40          0          0        128          0   usart.o

    ----------------------------------------------------------------------
     23888       1316       2256        528       1508          0   Object Totals
         0          0         32          0          0          0   (incl. Generated)
        28          0          0          3          0          0   (incl. Padding)

    ----------------------------------------------------------------------

      Code (inc. data)   RO Data    RW Data    ZI Data      Debug   Library Member Name

        94          0          0          0          0          0   __dclz77c.o
         0          0          0          0          0          0   entry.o
         0          0          0          0          0          0   entry10a.o
         0          0          0          0          0          0   entry11a.o
         4          0          0          0          0          0   entry12b.o
         8          4          0          0          0          0   entry2.o
         4          0          0          0          0          0   entry5.o
         0          0          0          0          0          0   entry7b.o
         0          0          0          0          0          0   entry8b.o
         8          4          0          0          0          0   entry9a.o
        30          0          0          0          0          0   handlers.o
        36          8          0          0          0          0   init.o
         0          0          0          0          0          0   iusefp.o
        30          0          0          0          0          0   llshl.o
        36          0          0          0          0          0   llsshr.o
        32          0          0          0          0          0   llushr.o
        64          0          0          0          0          0   memmovea.o
        36          0          0          0          0          0   memseta.o
      2268         96          0          0          0          0   printfa.o
         0          0          0          4          0          0   stdout.o
        14          0          0          0          0          0   strlen.o
        44          0          0          0          0          0   uidiv.o
        98          0          0          0          0          0   uldiv.o
        48          0          0          0          0          0   cdrcmple.o
       334          0          0          0          0          0   dadd.o
       222          0          0          0          0          0   ddiv.o
       186          0          0          0          0          0   depilogue.o
        48          0          0          0          0          0   dfixul.o
       228          0          0          0          0          0   dmul.o

    ----------------------------------------------------------------------
      3876        112          0          4          0          0   Library Totals
         4          0          0          0          0          0   (incl. Padding)

    ----------------------------------------------------------------------

      Code (inc. data)   RO Data    RW Data    ZI Data      Debug   Library Name

      2806        112          0          4          0          0   mc_w.l
      1066          0          0          0          0          0   mf_w.l

    ----------------------------------------------------------------------
      3876        112          0          4          0          0   Library Totals

    ----------------------------------------------------------------------

==============================================================================


      Code (inc. data)   RO Data    RW Data    ZI Data      Debug   

     27764       1428       2256        532       1508          0   Grand Totals
     27764       1428       2256        196       1508          0   ELF Image Totals (compressed)
     27764       1428       2256        196          0          0   ROM Totals

==============================================================================

    Total RO  Size (Code + RO Data)                30020 (  29.32kB)
    Total RW  Size (RW Data + ZI Data)              2040 (   1.99kB)
    Total ROM Size (Code + RO Data + RW Data)      30216 (  29.51kB)

==============================================================================

